[Licensing::Module] Trying to connect to existing licensing client channel...
Built from '6000.0/respin/6000.0.73f1-3ad55a55f786' branch; Version is '6000.0.73f1 (a166abc3bf0e) revision 10577579'; Using compiler version '193933523'; Build Type 'Release'
OS: 'Windows 11  (10.0.26200) Professional' Language: 'en' Physical Memory: 16124 MB
[Licensing::IpcConnector] Successfully connected to: "LicenseClient-anadz" at "2026-05-19T02:40:53.4314588Z"
BatchMode: 1, IsHumanControllingUs: 0, StartBugReporterOnCrash: 0, Is64bit: 1
System  architecture: x64
Process architecture: x64
Date: 2026-05-19T02:40:53Z

COMMAND LINE ARGUMENTS:
C:\Program Files\Unity\Hub\Editor\6000.0.73f1\Editor\Unity.exe
-adb2
-batchMode
-noUpm
-name
AssetImportWorker0
-projectPath
C:/Users/anadz/im_env2
-logFile
Logs/AssetImportWorker0.log
-srvPort
55615
-licensingIpc
LicenseClient-anadz
-job-worker-count
7
-background-job-worker-count
8
-gc-helper-count
1
-name
AssetImport
Successfully changed project path to: C:/Users/anadz/im_env2
C:/Users/anadz/im_env2
[UnityMemory] Configuration Parameters - Can be set up in boot.config
    "memorysetup-bucket-allocator-granularity=16"
    "memorysetup-bucket-allocator-bucket-count=8"
    "memorysetup-bucket-allocator-block-size=33554432"
    "memorysetup-bucket-allocator-block-count=8"
    "memorysetup-main-allocator-block-size=16777216"
    "memorysetup-thread-allocator-block-size=16777216"
    "memorysetup-gfx-main-allocator-block-size=16777216"
    "memorysetup-gfx-thread-allocator-block-size=16777216"
    "memorysetup-cache-allocator-block-size=4194304"
    "memorysetup-typetree-allocator-block-size=2097152"
    "memorysetup-profiler-bucket-allocator-granularity=16"
    "memorysetup-profiler-bucket-allocator-bucket-count=8"
    "memorysetup-profiler-bucket-allocator-block-size=33554432"
    "memorysetup-profiler-bucket-allocator-block-count=8"
    "memorysetup-profiler-allocator-block-size=16777216"
    "memorysetup-profiler-editor-allocator-block-size=1048576"
    "memorysetup-temp-allocator-size-main=16777216"
    "memorysetup-job-temp-allocator-block-size=2097152"
    "memorysetup-job-temp-allocator-block-size-background=1048576"
    "memorysetup-job-temp-allocator-reduction-small-platforms=262144"
    "memorysetup-allocator-temp-initial-block-size-main=262144"
    "memorysetup-allocator-temp-initial-block-size-worker=262144"
    "memorysetup-temp-allocator-size-background-worker=32768"
    "memorysetup-temp-allocator-size-job-worker=262144"
    "memorysetup-temp-allocator-size-preload-manager=33554432"
    "memorysetup-temp-allocator-size-nav-mesh-worker=65536"
    "memorysetup-temp-allocator-size-audio-worker=65536"
    "memorysetup-temp-allocator-size-cloud-worker=32768"
    "memorysetup-temp-allocator-size-gi-baking-worker=262144"
    "memorysetup-temp-allocator-size-gi-baking-worker=262144"
    "memorysetup-temp-allocator-size-gi-baking-worker=262144"
    "memorysetup-temp-allocator-size-gi-baking-worker=262144"
    "memorysetup-temp-allocator-size-gi-baking-worker=262144"
    "memorysetup-temp-allocator-size-gfx=262144"
Player connection [21836]  Target information:

Player connection [21836]  * "[IP] 10.132.21.131 [Port] 0 [Flags] 2 [Guid] 3166169060 [EditorId] 3166169060 [Version] 1048832 [Id] WindowsEditor(7,ysa-laptop) [Debug] 1 [PackageName] WindowsEditor [ProjectName] Editor" 

Player connection [21836] Host joined multi-casting on [225.0.0.222:54997]...
Player connection [21836] Host joined alternative multi-casting on [225.0.0.222:34997]...
JobSystem: Creating JobQueue using job-worker-count value 7
Input System module state changed to: Initialized.
[Physics::Module] Initialized fallback backend.
[Physics::Module] Id: 0xdecafbad
Library Redirect Path: Library/
[Physics::Module] Selected backend.
[Physics::Module] Name: PhysX
[Physics::Module] Id: 0xf2b8ea05
[Physics::Module] SDK Version: 4.1.2
[Physics::Module] Integration Version: 1.0.0
[Physics::Module] Threading Mode: Multi-Threaded
Refreshing native plugins compatible for Editor in 13.77 ms, found 4 plugins.
Preloading 0 native plugins for Editor in 0.00 ms.
Initialize engine version: 6000.0.73f1 (a166abc3bf0e)
[Subsystems] Discovering subsystems at path C:/Program Files/Unity/Hub/Editor/6000.0.73f1/Editor/Data/Resources/UnitySubsystems
[Subsystems] Discovering subsystems at path C:/Users/anadz/im_env2/Assets
GfxDevice: creating device client; kGfxThreadingModeNonThreaded
Direct3D:
    Version:  Direct3D 11.0 [level 11.1]
    Renderer: Intel(R) Iris(R) Xe Graphics (ID=0xa7a0)
    Vendor:   Intel
    VRAM:     8062 MB
    Driver:   31.0.101.5187
Initialize mono
Mono path[0] = 'C:/Program Files/Unity/Hub/Editor/6000.0.73f1/Editor/Data/Managed'
Mono path[1] = 'C:/Program Files/Unity/Hub/Editor/6000.0.73f1/Editor/Data/MonoBleedingEdge/lib/mono/unityjit-win32'
Mono config path = 'C:/Program Files/Unity/Hub/Editor/6000.0.73f1/Editor/Data/MonoBleedingEdge/etc'
Using monoOptions --debugger-agent=transport=dt_socket,embedding=1,server=y,suspend=n,address=127.0.0.1:56940
Begin MonoManager ReloadAssembly
Registering precompiled unity dll's ...
Register platform support module: C:/Program Files/Unity/Hub/Editor/6000.0.73f1/Editor/Data/PlaybackEngines/WindowsStandaloneSupport/UnityEditor.WindowsStandalone.Extensions.dll
Registered in 0.009565 seconds.
- Loaded All Assemblies, in  1.375 seconds
Native extension for WindowsStandalone target not found
Package Manager log level set to [2]
[Package Manager] Failed to launch server process. Reason: Unity was launched with the -noUpm command-line argument
[Package Manager] Unable to send message (not connected to server process).
[Package Manager] Cannot connect to Unity Package Manager local server
Mono: successfully reloaded assembly
- Finished resetting the current domain, in  1.083 seconds
Domain Reload Profiling: 2450ms
	BeginReloadAssembly (446ms)
		ExecutionOrderSort (0ms)
		DisableScriptedObjects (0ms)
		BackupInstance (0ms)
		ReleaseScriptingObjects (0ms)
		CreateAndSetChildDomain (2ms)
	RebuildCommonClasses (118ms)
	RebuildNativeTypeToScriptingClass (37ms)
	initialDomainReloadingComplete (164ms)
	LoadAllAssembliesAndSetupDomain (602ms)
		LoadAssemblies (437ms)
		RebuildTransferFunctionScriptingTraits (0ms)
		AnalyzeDomain (594ms)
			TypeCache.Refresh (589ms)
				TypeCache.ScanAssembly (552ms)
			BuildScriptInfoCaches (1ms)
			ResolveRequiredComponents (1ms)
	FinalizeReload (1084ms)
		ReleaseScriptCaches (0ms)
		RebuildScriptCaches (0ms)
		SetupLoadedEditorAssemblies (994ms)
			LogAssemblyErrors (0ms)
			InitializePlatformSupportModulesInManaged (75ms)
			SetLoadedEditorAssemblies (14ms)
			BeforeProcessingInitializeOnLoad (232ms)
			ProcessInitializeOnLoadAttributes (530ms)
			ProcessInitializeOnLoadMethodAttributes (143ms)
			AfterProcessingInitializeOnLoad (0ms)
			EditorAssembliesLoaded (0ms)
		ExecutionOrderSort2 (0ms)
		AwakeInstancesAfterBackupRestoration (0ms)
========================================================================
Worker process is ready to serve import requests
Import Worker Mode flag is 0x00
Begin MonoManager ReloadAssembly
[Licensing::Module] Licensing is not yet initialized.
[Licensing::Client] Handshaking with LicensingClient:
  Version:                 1.17.4+4293ba1
  Session Id:              81ecd1234ee648e49c80a186b57e6c2b
  Correlation Id:          85aef285196ea67be28bcf9f605fa693
  External correlation Id: 9136906403245309408
  Machine Id:              +dyC8Cp5Rf0QX0UAnoErhnm6suE=
[Licensing::Module] Successfully connected to LicensingClient on channel: "LicenseClient-anadz" (connect: 0.00s, validation: 0.01s, handshake: 7.29s)
[Licensing::IpcConnector] Successfully connected to: "LicenseClient-anadz-notifications" at "2026-05-19T02:41:00.7241761Z"
[Licensing::Module] Licensing Background thread has ended after 7.29s
[Licensing::Module] Licensing is initialized (took 1.37s).
[Licensing::Client] Successfully resolved entitlement details
[Licensing::Module] License group:
  Id: 16768133229647-UnityPersXXXX
  Product: Unity Personal
  Type: Assigned
  Expiration: Unlimited
Symbol file LoadedFromMemory is not a mono symbol file
- Loaded All Assemblies, in  4.371 seconds
Refreshing native plugins compatible for Editor in 8.46 ms, found 4 plugins.
Native extension for WindowsStandalone target not found
[Package Manager] Failed to launch server process. Reason: Unity was launched with the -noUpm command-line argument
[Package Manager] Unable to send message (not connected to server process).
[Package Manager] Cannot connect to Unity Package Manager local server
[Package Manager] Failed to launch server process. Reason: Unity was launched with the -noUpm command-line argument
[Package Manager] Unable to send message (not connected to server process).
[Package Manager] Cannot connect to Unity Package Manager local server
Refreshing native plugins compatible for Editor in 17.93 ms, found 4 plugins.
[Package Manager] Failed to launch server process. Reason: Unity was launched with the -noUpm command-line argument
[Package Manager] Unable to send message (not connected to server process).
[Package Manager] Cannot connect to Unity Package Manager local server
The project currently uses the compatibility mode where the Render Graph API is disabled. Support for this mode will be removed in future Unity versions. Migrate existing ScriptableRenderPasses to the new RenderGraph API. After the migration, disable the compatibility mode in Edit > Projects Settings > Graphics > Render Graph.
UnityEngine.Debug:ExtractStackTraceNoAlloc (byte*,int,string)
UnityEngine.StackTraceUtility:ExtractStackTrace ()
UnityEngine.DebugLogHandler:Internal_Log (UnityEngine.LogType,UnityEngine.LogOption,string,UnityEngine.Object)
UnityEngine.DebugLogHandler:LogFormat (UnityEngine.LogType,UnityEngine.Object,string,object[])
UnityEngine.Logger:Log (UnityEngine.LogType,object)
UnityEngine.Debug:LogWarning (object)
UnityEngine.Rendering.Universal.WarnUsingNonRenderGraph:EmitConsoleWarning () (at ./Library/PackageCache/com.unity.render-pipelines.universal@7b0cf3c8f06b/Runtime/Data/UniversalRenderPipelineAsset.cs:427)
System.Reflection.RuntimeMethodInfo:Invoke (object,System.Reflection.BindingFlags,System.Reflection.Binder,object[],System.Globalization.CultureInfo)
System.Reflection.MethodBase:Invoke (object,object[])
UnityEditor.EditorAssemblies:ProcessInitializeOnLoadMethodAttributes ()

(Filename: ./Library/PackageCache/com.unity.render-pipelines.universal@7b0cf3c8f06b/Runtime/Data/UniversalRenderPipelineAsset.cs Line: 427)

[MODES] ModeService[none].Initialize
[MODES] ModeService[none].LoadModes
[MODES] Loading mode Default (0) for mode-current-id-im_env2
Mono: successfully reloaded assembly
- Finished resetting the current domain, in  2.763 seconds
Domain Reload Profiling: 7121ms
	BeginReloadAssembly (1937ms)
		ExecutionOrderSort (0ms)
		DisableScriptedObjects (25ms)
		BackupInstance (0ms)
		ReleaseScriptingObjects (0ms)
		CreateAndSetChildDomain (64ms)
	RebuildCommonClasses (146ms)
	RebuildNativeTypeToScriptingClass (28ms)
	initialDomainReloadingComplete (131ms)
	LoadAllAssembliesAndSetupDomain (2115ms)
		LoadAssemblies (1456ms)
		RebuildTransferFunctionScriptingTraits (0ms)
		AnalyzeDomain (991ms)
			TypeCache.Refresh (639ms)
				TypeCache.ScanAssembly (593ms)
			BuildScriptInfoCaches (292ms)
			ResolveRequiredComponents (45ms)
	FinalizeReload (2764ms)
		ReleaseScriptCaches (0ms)
		RebuildScriptCaches (0ms)
		SetupLoadedEditorAssemblies (2192ms)
			LogAssemblyErrors (0ms)
			InitializePlatformSupportModulesInManaged (7ms)
			SetLoadedEditorAssemblies (15ms)
			BeforeProcessingInitializeOnLoad (400ms)
			ProcessInitializeOnLoadAttributes (1326ms)
			ProcessInitializeOnLoadMethodAttributes (422ms)
			AfterProcessingInitializeOnLoad (21ms)
			EditorAssembliesLoaded (1ms)
		ExecutionOrderSort2 (0ms)
		AwakeInstancesAfterBackupRestoration (19ms)
Launched and connected shader compiler UnityShaderCompiler.exe after 0.10 seconds
Refreshing native plugins compatible for Editor in 7.23 ms, found 4 plugins.
Preloading 0 native plugins for Editor in 0.00 ms.
Unloading 14 Unused Serialized files (Serialized files now loaded: 0)
Unloading 7122 unused Assets / (5.5 MB). Loaded Objects now: 7865.
Memory consumption went from 142.1 MB to 136.6 MB.
Total: 23.893100 ms (FindLiveObjects: 1.684600 ms CreateObjectMapping: 2.024400 ms MarkObjects: 13.519800 ms  DeleteObjects: 6.661100 ms)

========================================================================
Received Import Request.
  Time since last request: 239411.283213 seconds.
  path: Assets/Tests
  artifactKey: Guid(9696d86b7eb022e448e00f25dd1ae852) Importer(815301076,1909f56bfc062723c751e8b465ee728b)
Start importing Assets/Tests using Guid(9696d86b7eb022e448e00f25dd1ae852) Importer(815301076,1909f56bfc062723c751e8b465ee728b) (PreviewImporter) -> (artifact id: '9d3b8efbef5086bbfae3e4d9c795c251') in 0.0133016 seconds
Number of updated asset objects reloaded before import = 0Number of asset objects unloaded after import = 0

========================================================================
Received Import Request.
  Time since last request: 0.000065 seconds.
  path: Assets/sounds
  artifactKey: Guid(c26e24051ae0ab64fb8eb7382206df3a) Importer(815301076,1909f56bfc062723c751e8b465ee728b)
Start importing Assets/sounds using Guid(c26e24051ae0ab64fb8eb7382206df3a) Importer(815301076,1909f56bfc062723c751e8b465ee728b) (PreviewImporter) -> (artifact id: '358ea78e22c9293b2b2d9ec32869528a') in 0.0020644 seconds
Number of updated asset objects reloaded before import = 0Number of asset objects unloaded after import = 0

========================================================================
Received Import Request.
  Time since last request: 5.497262 seconds.
  path: Assets/Materials
  artifactKey: Guid(3067251ccbdfadd46962ae19f5b85c82) Importer(815301076,1909f56bfc062723c751e8b465ee728b)
Start importing Assets/Materials using Guid(3067251ccbdfadd46962ae19f5b85c82) Importer(815301076,1909f56bfc062723c751e8b465ee728b) (PreviewImporter) -> (artifact id: 'd554544d21212cf4770d6a17617020e8') in 0.0019735 seconds
Number of updated asset objects reloaded before import = 0Number of asset objects unloaded after import = 0

========================================================================
Received Import Request.
  Time since last request: 0.000053 seconds.
  path: Assets/Materials/green.mat
  artifactKey: Guid(617ba47f77db54aa1b1d210704eaf86d) Importer(815301076,1909f56bfc062723c751e8b465ee728b)
Start importing Assets/Materials/green.mat using Guid(617ba47f77db54aa1b1d210704eaf86d) Importer(815301076,1909f56bfc062723c751e8b465ee728b) (PreviewImporter)CommandBuffer: temporary render texture  not found while executing  (Copy source)
UnityEngine.Debug:ExtractStackTraceNoAlloc (byte*,int,string)
UnityEngine.StackTraceUtility:ExtractStackTrace ()
UnityEngine.Rendering.ScriptableRenderContext:Submit ()
UnityEngine.Rendering.Universal.UniversalRenderPipeline:RenderSingleCamera (UnityEngine.Rendering.ScriptableRenderContext,UnityEngine.Rendering.Universal.UniversalCameraData) (at ./Library/PackageCache/com.unity.render-pipelines.universal@7b0cf3c8f06b/Runtime/UniversalRenderPipeline.cs:885)
UnityEngine.Rendering.Universal.UniversalRenderPipeline:RenderSingleCameraInternal (UnityEngine.Rendering.ScriptableRenderContext,UnityEngine.Camera,UnityEngine.Rendering.Universal.UniversalAdditionalCameraData&,bool) (at ./Library/PackageCache/com.unity.render-pipelines.universal@7b0cf3c8f06b/Runtime/UniversalRenderPipeline.cs:688)
UnityEngine.Rendering.Universal.UniversalRenderPipeline:RenderSingleCameraInternal (UnityEngine.Rendering.ScriptableRenderContext,UnityEngine.Camera,bool) (at ./Library/PackageCache/com.unity.render-pipelines.universal@7b0cf3c8f06b/Runtime/UniversalRenderPipeline.cs:663)
UnityEngine.Rendering.Universal.UniversalRenderPipeline:Render (UnityEngine.Rendering.ScriptableRenderContext,System.Collections.Generic.List`1<UnityEngine.Camera>) (at ./Library/PackageCache/com.unity.render-pipelines.universal@7b0cf3c8f06b/Runtime/UniversalRenderPipeline.cs:480)
UnityEngine.Rendering.RenderPipeline:InternalRender (UnityEngine.Rendering.ScriptableRenderContext,System.Collections.Generic.List`1<UnityEngine.Camera>)
UnityEngine.Rendering.RenderPipelineManager:DoRenderLoop_Internal (UnityEngine.Rendering.RenderPipelineAsset,intptr,UnityEngine.Object,Unity.Collections.LowLevel.Unsafe.AtomicSafetyHandle)
UnityEngine.Camera:Render ()
UnityEditor.PreviewRenderUtility:Render (bool,bool)
UnityEditor.MaterialEditor:DoRenderPreview (UnityEditor.PreviewRenderUtility,bool)
UnityEditor.MaterialEditor:RenderStaticPreview (string,UnityEngine.Object[],int,int)
UnityEditor.AssetPreviewUpdater:CreatePreview (UnityEngine.Object,UnityEngine.Object[],string,int,int)
UnityEditor.AssetPreviewUpdater:CreatePreviewForAsset (UnityEngine.Object,UnityEngine.Object[],string)

[./Library/PackageCache/com.unity.render-pipelines.universal@7b0cf3c8f06b/Runtime/UniversalRenderPipeline.cs line 885]

CommandBuffer: temporary render texture  not found while executing  (Copy destination)
UnityEngine.Debug:ExtractStackTraceNoAlloc (byte*,int,string)
UnityEngine.StackTraceUtility:ExtractStackTrace ()
UnityEngine.Rendering.ScriptableRenderContext:Submit ()
UnityEngine.Rendering.Universal.UniversalRenderPipeline:RenderSingleCamera (UnityEngine.Rendering.ScriptableRenderContext,UnityEngine.Rendering.Universal.UniversalCameraData) (at ./Library/PackageCache/com.unity.render-pipelines.universal@7b0cf3c8f06b/Runtime/UniversalRenderPipeline.cs:885)
UnityEngine.Rendering.Universal.UniversalRenderPipeline:RenderSingleCameraInternal (UnityEngine.Rendering.ScriptableRenderContext,UnityEngine.Camera,UnityEngine.Rendering.Universal.UniversalAdditionalCameraData&,bool) (at ./Library/PackageCache/com.unity.render-pipelines.universal@7b0cf3c8f06b/Runtime/UniversalRenderPipeline.cs:688)
UnityEngine.Rendering.Universal.UniversalRenderPipeline:RenderSingleCameraInternal (UnityEngine.Rendering.ScriptableRenderContext,UnityEngine.Camera,bool) (at ./Library/PackageCache/com.unity.render-pipelines.universal@7b0cf3c8f06b/Runtime/UniversalRenderPipeline.cs:663)
UnityEngine.Rendering.Universal.UniversalRenderPipeline:Render (UnityEngine.Rendering.ScriptableRenderContext,System.Collections.Generic.List`1<UnityEngine.Camera>) (at ./Library/PackageCache/com.unity.render-pipelines.universal@7b0cf3c8f06b/Runtime/UniversalRenderPipeline.cs:480)
UnityEngine.Rendering.RenderPipeline:InternalRender (UnityEngine.Rendering.ScriptableRenderContext,System.Collections.Generic.List`1<UnityEngine.Camera>)
UnityEngine.Rendering.RenderPipelineManager:DoRenderLoop_Internal (UnityEngine.Rendering.RenderPipelineAsset,intptr,UnityEngine.Object,Unity.Collections.LowLevel.Unsafe.AtomicSafetyHandle)
UnityEngine.Camera:Render ()
UnityEditor.PreviewRenderUtility:Render (bool,bool)
UnityEditor.MaterialEditor:DoRenderPreview (UnityEditor.PreviewRenderUtility,bool)
UnityEditor.MaterialEditor:RenderStaticPreview (string,UnityEngine.Object[],int,int)
UnityEditor.AssetPreviewUpdater:CreatePreview (UnityEngine.Object,UnityEngine.Object[],string,int,int)
UnityEditor.AssetPreviewUpdater:CreatePreviewForAsset (UnityEngine.Object,UnityEngine.Object[],string)

[./Library/PackageCache/com.unity.render-pipelines.universal@7b0cf3c8f06b/Runtime/UniversalRenderPipeline.cs line 885]

 -> (artifact id: '7fd2582929cf8eb535f8cad347584f14') in 1.3158038 seconds
Number of updated asset objects reloaded before import = 0Number of asset objects unloaded after import = 1

========================================================================
Received Import Request.
  Time since last request: 1.133877 seconds.
  path: Assets/InputSystem_Actions.inputactions
  artifactKey: Guid(052faaac586de48259a63d0c4782560b) Importer(2089858483,192608db42251d675da83286b1cce702)
Start importing Assets/InputSystem_Actions.inputactions using Guid(052faaac586de48259a63d0c4782560b) Importer(2089858483,192608db42251d675da83286b1cce702) (ScriptedImporter) -> (artifact id: '9c4d15a67ba4517404328844d17be867') in 1.5220223 seconds
Number of updated asset objects reloaded before import = 0Number of asset objects unloaded after import = 22

========================================================================
Received Import Request.
  Time since last request: 0.120191 seconds.
  path: Assets/Shaders/CRTShader.shader
  artifactKey: Guid(00914bc33eaf6174eb8c82447a307c84) Importer(2089858483,192608db42251d675da83286b1cce702)
Start importing Assets/Shaders/CRTShader.shader using Guid(00914bc33eaf6174eb8c82447a307c84) Importer(2089858483,192608db42251d675da83286b1cce702) (ScriptedImporter) -> (artifact id: '7fc104a97e3c38bec3816deb8f7bd411') in 0.0606852 seconds
Number of updated asset objects reloaded before import = 0Number of asset objects unloaded after import = 1

========================================================================
Received Import Request.
  Time since last request: 0.241988 seconds.
  path: Assets/Materials/glass.mat
  artifactKey: Guid(10802b499a30cf24b9bd82be86856557) Importer(815301076,1909f56bfc062723c751e8b465ee728b)
Start importing Assets/Materials/glass.mat using Guid(10802b499a30cf24b9bd82be86856557) Importer(815301076,1909f56bfc062723c751e8b465ee728b) (PreviewImporter) -> (artifact id: '50d404a284bfbf078e3492bcbebe7cce') in 0.1349527 seconds
Number of updated asset objects reloaded before import = 0Number of asset objects unloaded after import = 1

========================================================================
Received Import Request.
  Time since last request: 0.237608 seconds.
  path: Assets/Shaders/Pixelation.shader
  artifactKey: Guid(6cc37f589a3171847bd1dc6f9224ccf3) Importer(2089858483,192608db42251d675da83286b1cce702)
Start importing Assets/Shaders/Pixelation.shader using Guid(6cc37f589a3171847bd1dc6f9224ccf3) Importer(2089858483,192608db42251d675da83286b1cce702) (ScriptedImporter) -> (artifact id: '20491127d3f1bc89de114bb53c2e68f2') in 0.0783895 seconds
Number of updated asset objects reloaded before import = 0Number of asset objects unloaded after import = 1

========================================================================
Received Import Request.
  Time since last request: 0.000167 seconds.
  path: Assets/Shaders/PSXPost.shader
  artifactKey: Guid(2356c0ddfd75f4031a875f58e48b148e) Importer(2089858483,192608db42251d675da83286b1cce702)
Start importing Assets/Shaders/PSXPost.shader using Guid(2356c0ddfd75f4031a875f58e48b148e) Importer(2089858483,192608db42251d675da83286b1cce702) (ScriptedImporter) -> (artifact id: '09ac70a295959a17aa1e17616afc5f03') in 0.0681755 seconds
Number of updated asset objects reloaded before import = 0Number of asset objects unloaded after import = 1

========================================================================
Received Import Request.
  Time since last request: 0.181995 seconds.
  path: Assets/Shaders/URP_PSX_PBR_Master.shadergraph
  artifactKey: Guid(2b3b7d0b179748b449e12721ea4fcfa6) Importer(2089858483,192608db42251d675da83286b1cce702)
Start importing Assets/Shaders/URP_PSX_PBR_Master.shadergraph using Guid(2b3b7d0b179748b449e12721ea4fcfa6) Importer(2089858483,192608db42251d675da83286b1cce702) (ScriptedImporter) -> (artifact id: '31c24ffe9d5e6ae935604af0df687ed9') in 4.2246162 seconds
Number of updated asset objects reloaded before import = 0Number of asset objects unloaded after import = 12

========================================================================
Received Import Request.
  Time since last request: 0.133698 seconds.
  path: Assets/StreamingAssets/metalCube.prefab
  artifactKey: Guid(8b362711c15cf6242bf72a34a3e6d798) Importer(2089858483,192608db42251d675da83286b1cce702)
Start importing Assets/StreamingAssets/metalCube.prefab using Guid(8b362711c15cf6242bf72a34a3e6d798) Importer(2089858483,192608db42251d675da83286b1cce702) (ScriptedImporter) -> (artifact id: '55d62d65c7598f71415dc6bb93dcea9e') in 0.0615015 seconds
Number of updated asset objects reloaded before import = 0Number of asset objects unloaded after import = 2

========================================================================
Received Import Request.
  Time since last request: 0.234673 seconds.
  path: Assets/Subgraphs/CalculateAdditionalLights.shadersubgraph
  artifactKey: Guid(7b271f71c53b4134986e6989a3e9f32d) Importer(2089858483,192608db42251d675da83286b1cce702)
Start importing Assets/Subgraphs/CalculateAdditionalLights.shadersubgraph using Guid(7b271f71c53b4134986e6989a3e9f32d) Importer(2089858483,192608db42251d675da83286b1cce702) (ScriptedImporter) -> (artifact id: 'cbc894273a3824d390d87108819837f9') in 0.0712445 seconds
Number of updated asset objects reloaded before import = 0Number of asset objects unloaded after import = 1

========================================================================
Received Import Request.
  Time since last request: 0.263175 seconds.
  path: Assets/Subgraphs/CalculateMainLight.shadersubgraph
  artifactKey: Guid(6fc6dac24a98daa46b8ac585aaf4a02d) Importer(2089858483,192608db42251d675da83286b1cce702)
Start importing Assets/Subgraphs/CalculateMainLight.shadersubgraph using Guid(6fc6dac24a98daa46b8ac585aaf4a02d) Importer(2089858483,192608db42251d675da83286b1cce702) (ScriptedImporter) -> (artifact id: 'e3d96367c59ac4a1036befffff9cbc36') in 0.1127632 seconds
Number of updated asset objects reloaded before import = 0Number of asset objects unloaded after import = 1

========================================================================
Received Import Request.
  Time since last request: 0.213618 seconds.
  path: Assets/Subgraphs/ColorPrecision.shadersubgraph
  artifactKey: Guid(23d10c69786cb1940b1e68a51cf7f54e) Importer(2089858483,192608db42251d675da83286b1cce702)
Start importing Assets/Subgraphs/ColorPrecision.shadersubgraph using Guid(23d10c69786cb1940b1e68a51cf7f54e) Importer(2089858483,192608db42251d675da83286b1cce702) (ScriptedImporter) -> (artifact id: 'c5b39327089db0725f395f68c9873e44') in 0.067766 seconds
Number of updated asset objects reloaded before import = 0Number of asset objects unloaded after import = 1

========================================================================
Received Import Request.
  Time since last request: 0.234555 seconds.
  path: Assets/Readme.asset
  artifactKey: Guid(8105016687592461f977c054a80ce2f2) Importer(2089858483,192608db42251d675da83286b1cce702)
Start importing Assets/Readme.asset using Guid(8105016687592461f977c054a80ce2f2) Importer(2089858483,192608db42251d675da83286b1cce702) (ScriptedImporter) -> (artifact id: 'f3977cce8be7c507a1e135f579b59989') in 0.0494941 seconds
Number of updated asset objects reloaded before import = 0Number of asset objects unloaded after import = 2

========================================================================
Received Import Request.
  Time since last request: 0.000073 seconds.
  path: Assets/scripts/GlitchRendererFeature.cs
  artifactKey: Guid(8ef8cca781c384d6a92926001cd854e7) Importer(2089858483,192608db42251d675da83286b1cce702)
Start importing Assets/scripts/GlitchRendererFeature.cs using Guid(8ef8cca781c384d6a92926001cd854e7) Importer(2089858483,192608db42251d675da83286b1cce702) (ScriptedImporter) -> (artifact id: '38ad7548bfd9cd25e0f3cde30d909749') in 0.1182209 seconds
Number of updated asset objects reloaded before import = 0Number of asset objects unloaded after import = 0

========================================================================
Received Import Request.
  Time since last request: 0.000137 seconds.
  path: Assets/scripts/PSXPass.cs
  artifactKey: Guid(40e3456084d014d61bd3769f5fc13222) Importer(2089858483,192608db42251d675da83286b1cce702)
Start importing Assets/scripts/PSXPass.cs using Guid(40e3456084d014d61bd3769f5fc13222) Importer(2089858483,192608db42251d675da83286b1cce702) (ScriptedImporter) -> (artifact id: '466e939afcd308a66c26791621e04867') in 0.0535632 seconds
Number of updated asset objects reloaded before import = 0Number of asset objects unloaded after import = 0

========================================================================
Received Import Request.
  Time since last request: 0.000059 seconds.
  path: Assets/scripts/PromptTerminalTrigger.cs
  artifactKey: Guid(a666598296cdd49de9d72481841f71ae) Importer(2089858483,192608db42251d675da83286b1cce702)
Start importing Assets/scripts/PromptTerminalTrigger.cs using Guid(a666598296cdd49de9d72481841f71ae) Importer(2089858483,192608db42251d675da83286b1cce702) (ScriptedImporter) -> (artifact id: 'd1668928dadd00aaefd9b2cb5f9738d9') in 0.0427017 seconds
Number of updated asset objects reloaded before import = 0Number of asset objects unloaded after import = 0

========================================================================
Received Import Request.
  Time since last request: 0.000081 seconds.
  path: Assets/scripts/SandboxReactiveVfxDirector.cs
  artifactKey: Guid(24a1e577d22f949c9ad4d9ad1b02908a) Importer(2089858483,192608db42251d675da83286b1cce702)
Start importing Assets/scripts/SandboxReactiveVfxDirector.cs using Guid(24a1e577d22f949c9ad4d9ad1b02908a) Importer(2089858483,192608db42251d675da83286b1cce702) (ScriptedImporter) -> (artifact id: '53911492ae38d1d1f7e4399c8a68a7f2') in 0.0388616 seconds
Number of updated asset objects reloaded before import = 0Number of asset objects unloaded after import = 0

========================================================================
Received Import Request.
  Time since last request: 0.000068 seconds.
  path: Assets/scripts/SculptureSpawner.cs
  artifactKey: Guid(8aa1518d93d9041ac9963929c6453889) Importer(2089858483,192608db42251d675da83286b1cce702)
Start importing Assets/scripts/SculptureSpawner.cs using Guid(8aa1518d93d9041ac9963929c6453889) Importer(2089858483,192608db42251d675da83286b1cce702) (ScriptedImporter) -> (artifact id: '30aac617e26eb07291bf1933dddb985d') in 0.0368001 seconds
Number of updated asset objects reloaded before import = 0Number of asset objects unloaded after import = 0

========================================================================
Received Import Request.
  Time since last request: 0.000095 seconds.
  path: Assets/Settings/PC_RPAsset.asset
  artifactKey: Guid(4b83569d67af61e458304325a23e5dfd) Importer(2089858483,192608db42251d675da83286b1cce702)
Start importing Assets/Settings/PC_RPAsset.asset using Guid(4b83569d67af61e458304325a23e5dfd) Importer(2089858483,192608db42251d675da83286b1cce702) (ScriptedImporter) -> (artifact id: '6d30bfd9b3748d87c68422ad4e0d454a') in 0.1686568 seconds
Number of updated asset objects reloaded before import = 0Number of asset objects unloaded after import = 1

========================================================================
Received Import Request.
  Time since last request: 0.000051 seconds.
  path: Assets/scripts/AudioEscalation.cs
  artifactKey: Guid(7294c2951fc504b659b1c0b35f031dd0) Importer(2089858483,192608db42251d675da83286b1cce702)
Start importing Assets/scripts/AudioEscalation.cs using Guid(7294c2951fc504b659b1c0b35f031dd0) Importer(2089858483,192608db42251d675da83286b1cce702) (ScriptedImporter) -> (artifact id: '24e494ab20a741a8e4e711e349147e8f') in 0.0317892 seconds
Number of updated asset objects reloaded before import = 0Number of asset objects unloaded after import = 0

========================================================================
Received Import Request.
  Time since last request: 0.000070 seconds.
  path: Assets/scripts/EndCard.cs
  artifactKey: Guid(8718f5a3e6b4342c785629dfee16c8c2) Importer(2089858483,192608db42251d675da83286b1cce702)
Start importing Assets/scripts/EndCard.cs using Guid(8718f5a3e6b4342c785629dfee16c8c2) Importer(2089858483,192608db42251d675da83286b1cce702) (ScriptedImporter) -> (artifact id: '08b940be6258993ee556f284b4ca595a') in 0.0299243 seconds
Number of updated asset objects reloaded before import = 0Number of asset objects unloaded after import = 0

========================================================================
Received Import Request.
  Time since last request: 0.000061 seconds.
  path: Assets/Scenes/Psx_Unlit.unity
  artifactKey: Guid(9edaa9eacbed7694fb3f7f93074a37c0) Importer(2089858483,192608db42251d675da83286b1cce702)
Start importing Assets/Scenes/Psx_Unlit.unity using Guid(9edaa9eacbed7694fb3f7f93074a37c0) Importer(2089858483,192608db42251d675da83286b1cce702) (ScriptedImporter) -> (artifact id: '1ccdd294eead7215a18b0541138c3af3') in 0.079514 seconds
Number of updated asset objects reloaded before import = 0Number of asset objects unloaded after import = 1

========================================================================
Received Import Request.
  Time since last request: 0.000076 seconds.
  path: Assets/scripts/CRT/CRTRenderFeature.cs
  artifactKey: Guid(7813741425bf9df4b8f6b5a4f6b1f66f) Importer(2089858483,192608db42251d675da83286b1cce702)
Start importing Assets/scripts/CRT/CRTRenderFeature.cs using Guid(7813741425bf9df4b8f6b5a4f6b1f66f) Importer(2089858483,192608db42251d675da83286b1cce702) (ScriptedImporter) -> (artifact id: '8f555b2f7cd6ad89b32e58976f6bbaaa') in 0.0630215 seconds
Number of updated asset objects reloaded before import = 0Number of asset objects unloaded after import = 0

========================================================================
Received Import Request.
  Time since last request: 0.000056 seconds.
  path: Assets/scripts/Dithering/Dithering.cs
  artifactKey: Guid(5ea62842ddb6960488930897ba9ce398) Importer(2089858483,192608db42251d675da83286b1cce702)
Start importing Assets/scripts/Dithering/Dithering.cs using Guid(5ea62842ddb6960488930897ba9ce398) Importer(2089858483,192608db42251d675da83286b1cce702) (ScriptedImporter) -> (artifact id: '3d80a331b20775c47738c11479dc2af8') in 0.0343269 seconds
Number of updated asset objects reloaded before import = 0Number of asset objects unloaded after import = 0

========================================================================
Received Import Request.
  Time since last request: 0.000083 seconds.
  path: Assets/scripts/ProfileTerminalDisplay.cs
  artifactKey: Guid(3f0986be8ea7e4520b5d97b7c223ed15) Importer(2089858483,192608db42251d675da83286b1cce702)
Start importing Assets/scripts/ProfileTerminalDisplay.cs using Guid(3f0986be8ea7e4520b5d97b7c223ed15) Importer(2089858483,192608db42251d675da83286b1cce702) (ScriptedImporter) -> (artifact id: '135b8a4c13c0de309a71727f0771ecd6') in 0.03254 seconds
Number of updated asset objects reloaded before import = 0Number of asset objects unloaded after import = 0

========================================================================
Received Import Request.
  Time since last request: 0.000061 seconds.
  path: Assets/URP-PSX-Render Pipeline Asset.asset
  artifactKey: Guid(82d50e16a695c214d8025c47c33a0d1f) Importer(2089858483,192608db42251d675da83286b1cce702)
Start importing Assets/URP-PSX-Render Pipeline Asset.asset using Guid(82d50e16a695c214d8025c47c33a0d1f) Importer(2089858483,192608db42251d675da83286b1cce702) (ScriptedImporter)[PSX] Missing shader reference for pass "PSX Fog". Assign it on the renderer feature asset.
UnityEngine.Debug:ExtractStackTraceNoAlloc (byte*,int,string)
UnityEngine.StackTraceUtility:ExtractStackTrace ()
UnityEngine.DebugLogHandler:Internal_Log (UnityEngine.LogType,UnityEngine.LogOption,string,UnityEngine.Object)
UnityEngine.DebugLogHandler:LogFormat (UnityEngine.LogType,UnityEngine.Object,string,object[])
UnityEngine.Logger:Log (UnityEngine.LogType,object)
UnityEngine.Debug:LogError (object)
PSX.PsxVolumeRenderPass`1<PSX.Fog>:.ctor (UnityEngine.Shader,string,UnityEngine.Rendering.Universal.RenderPassEvent,bool) (at Assets/scripts/PSX/PsxVolumeRenderPass.cs:33)
PSX.FogPass:.ctor (UnityEngine.Shader,UnityEngine.Rendering.Universal.RenderPassEvent) (at Assets/scripts/Fog/FogRenderFeature.cs:46)
PSX.FogRenderFeature:Create () (at Assets/scripts/Fog/FogRenderFeature.cs:12)
UnityEngine.Rendering.Universal.ScriptableRendererFeature:OnValidate () (at ./Library/PackageCache/com.unity.render-pipelines.universal@7b0cf3c8f06b/Runtime/ScriptableRendererFeature.cs:59)
UnityEditor.AssetDatabase:LoadMainAssetAtPath (string)
UnityEditor.Search.AssetIndexer:IndexProperties (int&,string&,bool&)
UnityEditor.Search.AssetIndexer:IndexDocument (string,bool)
UnityEditor.Search.SearchIndexEntryImporter:OnImportAsset (UnityEditor.AssetImporters.AssetImportContext)
UnityEditor.AssetImporters.ScriptedImporter:GenerateAssetData (UnityEditor.AssetImporters.AssetImportContext)

(Filename: Assets/scripts/PSX/PsxVolumeRenderPass.cs Line: 33)

[PSX] Missing shader reference for pass "PSX Pixelation". Assign it on the renderer feature asset.
UnityEngine.Debug:ExtractStackTraceNoAlloc (byte*,int,string)
UnityEngine.StackTraceUtility:ExtractStackTrace ()
UnityEngine.DebugLogHandler:Internal_Log (UnityEngine.LogType,UnityEngine.LogOption,string,UnityEngine.Object)
UnityEngine.DebugLogHandler:LogFormat (UnityEngine.LogType,UnityEngine.Object,string,object[])
UnityEngine.Logger:Log (UnityEngine.LogType,object)
UnityEngine.Debug:LogError (object)
PSX.PsxVolumeRenderPass`1<PSX.Pixelation>:.ctor (UnityEngine.Shader,string,UnityEngine.Rendering.Universal.RenderPassEvent,bool) (at Assets/scripts/PSX/PsxVolumeRenderPass.cs:33)
PSX.PixelationPass:.ctor (UnityEngine.Shader,UnityEngine.Rendering.Universal.RenderPassEvent) (at Assets/scripts/Pixelation/PixelationRenderFeature.cs:39)
PSX.PixelationRenderFeature:Create () (at Assets/scripts/Pixelation/PixelationRenderFeature.cs:12)
UnityEngine.Rendering.Universal.ScriptableRendererFeature:OnValidate () (at ./Library/PackageCache/com.unity.render-pipelines.universal@7b0cf3c8f06b/Runtime/ScriptableRendererFeature.cs:59)
UnityEditor.AssetDatabase:LoadMainAssetAtPath (string)
UnityEditor.Search.AssetIndexer:IndexProperties (int&,string&,bool&)
UnityEditor.Search.AssetIndexer:IndexDocument (string,bool)
UnityEditor.Search.SearchIndexEntryImporter:OnImportAsset (UnityEditor.AssetImporters.AssetImportContext)
UnityEditor.AssetImporters.ScriptedImporter:GenerateAssetData (UnityEditor.AssetImporters.AssetImportContext)

(Filename: Assets/scripts/PSX/PsxVolumeRenderPass.cs Line: 33)

[PSX] Missing shader reference for pass "PSX Dithering". Assign it on the renderer feature asset.
UnityEngine.Debug:ExtractStackTraceNoAlloc (byte*,int,string)
UnityEngine.StackTraceUtility:ExtractStackTrace ()
UnityEngine.DebugLogHandler:Internal_Log (UnityEngine.LogType,UnityEngine.LogOption,string,UnityEngine.Object)
UnityEngine.DebugLogHandler:LogFormat (UnityEngine.LogType,UnityEngine.Object,string,object[])
UnityEngine.Logger:Log (UnityEngine.LogType,object)
UnityEngine.Debug:LogError (object)
PSX.PsxVolumeRenderPass`1<PSX.Dithering>:.ctor (UnityEngine.Shader,string,UnityEngine.Rendering.Universal.RenderPassEvent,bool) (at Assets/scripts/PSX/PsxVolumeRenderPass.cs:33)
PSX.DitheringPass:.ctor (UnityEngine.Shader,UnityEngine.Rendering.Universal.RenderPassEvent) (at Assets/scripts/Dithering/DitheringRenderFeature.cs:40)
PSX.DitheringRenderFeature:Create () (at Assets/scripts/Dithering/DitheringRenderFeature.cs:12)
UnityEngine.Rendering.Universal.ScriptableRendererFeature:OnValidate () (at ./Library/PackageCache/com.unity.render-pipelines.universal@7b0cf3c8f06b/Runtime/ScriptableRendererFeature.cs:59)
UnityEditor.AssetDatabase:LoadMainAssetAtPath (string)
UnityEditor.Search.AssetIndexer:IndexProperties (int&,string&,bool&)
UnityEditor.Search.AssetIndexer:IndexDocument (string,bool)
UnityEditor.Search.SearchIndexEntryImporter:OnImportAsset (UnityEditor.AssetImporters.AssetImportContext)
UnityEditor.AssetImporters.ScriptedImporter:GenerateAssetData (UnityEditor.AssetImporters.AssetImportContext)

(Filename: Assets/scripts/PSX/PsxVolumeRenderPass.cs Line: 33)

[PSX] Missing shader reference for pass "PSX CRT". Assign it on the renderer feature asset.
UnityEngine.Debug:ExtractStackTraceNoAlloc (byte*,int,string)
UnityEngine.StackTraceUtility:ExtractStackTrace ()
UnityEngine.DebugLogHandler:Internal_Log (UnityEngine.LogType,UnityEngine.LogOption,string,UnityEngine.Object)
UnityEngine.DebugLogHandler:LogFormat (UnityEngine.LogType,UnityEngine.Object,string,object[])
UnityEngine.Logger:Log (UnityEngine.LogType,object)
UnityEngine.Debug:LogError (object)
PSX.PsxVolumeRenderPass`1<Crt>:.ctor (UnityEngine.Shader,string,UnityEngine.Rendering.Universal.RenderPassEvent,bool) (at Assets/scripts/PSX/PsxVolumeRenderPass.cs:33)
PSX.CRTPass:.ctor (UnityEngine.Shader,UnityEngine.Rendering.Universal.RenderPassEvent) (at Assets/scripts/CRT/CRTRenderFeature.cs:58)
PSX.CRTRenderFeature:Create () (at Assets/scripts/CRT/CRTRenderFeature.cs:12)
UnityEngine.Rendering.Universal.ScriptableRendererFeature:OnValidate () (at ./Library/PackageCache/com.unity.render-pipelines.universal@7b0cf3c8f06b/Runtime/ScriptableRendererFeature.cs:59)
UnityEditor.AssetDatabase:LoadMainAssetAtPath (string)
UnityEditor.Search.AssetIndexer:IndexProperties (int&,string&,bool&)
UnityEditor.Search.AssetIndexer:IndexDocument (string,bool)
UnityEditor.Search.SearchIndexEntryImporter:OnImportAsset (UnityEditor.AssetImporters.AssetImportContext)
UnityEditor.AssetImporters.ScriptedImporter:GenerateAssetData (UnityEditor.AssetImporters.AssetImportContext)

(Filename: Assets/scripts/PSX/PsxVolumeRenderPass.cs Line: 33)

[PSX] Missing shader reference for pass "PSX Fog". Assign it on the renderer feature asset.
UnityEngine.Debug:ExtractStackTraceNoAlloc (byte*,int,string)
UnityEngine.StackTraceUtility:ExtractStackTrace ()
UnityEngine.DebugLogHandler:Internal_Log (UnityEngine.LogType,UnityEngine.LogOption,string,UnityEngine.Object)
UnityEngine.DebugLogHandler:LogFormat (UnityEngine.LogType,UnityEngine.Object,string,object[])
UnityEngine.Logger:Log (UnityEngine.LogType,object)
UnityEngine.Debug:LogError (object)
PSX.PsxVolumeRenderPass`1<PSX.Fog>:.ctor (UnityEngine.Shader,string,UnityEngine.Rendering.Universal.RenderPassEvent,bool) (at Assets/scripts/PSX/PsxVolumeRenderPass.cs:33)
PSX.FogPass:.ctor (UnityEngine.Shader,UnityEngine.Rendering.Universal.RenderPassEvent) (at Assets/scripts/Fog/FogRenderFeature.cs:46)
PSX.FogRenderFeature:Create () (at Assets/scripts/Fog/FogRenderFeature.cs:12)
UnityEngine.Rendering.Universal.ScriptableRendererFeature:OnEnable () (at ./Library/PackageCache/com.unity.render-pipelines.universal@7b0cf3c8f06b/Runtime/ScriptableRendererFeature.cs:52)
UnityEditor.AssetDatabase:LoadMainAssetAtPath (string)
UnityEditor.Search.AssetIndexer:IndexProperties (int&,string&,bool&)
UnityEditor.Search.AssetIndexer:IndexDocument (string,bool)
UnityEditor.Search.SearchIndexEntryImporter:OnImportAsset (UnityEditor.AssetImporters.AssetImportContext)
UnityEditor.AssetImporters.ScriptedImporter:GenerateAssetData (UnityEditor.AssetImporters.AssetImportContext)

(Filename: Assets/scripts/PSX/PsxVolumeRenderPass.cs Line: 33)

[PSX] Missing shader reference for pass "PSX Pixelation". Assign it on the renderer feature asset.
UnityEngine.Debug:ExtractStackTraceNoAlloc (byte*,int,string)
UnityEngine.StackTraceUtility:ExtractStackTrace ()
UnityEngine.DebugLogHandler:Internal_Log (UnityEngine.LogType,UnityEngine.LogOption,string,UnityEngine.Object)
UnityEngine.DebugLogHandler:LogFormat (UnityEngine.LogType,UnityEngine.Object,string,object[])
UnityEngine.Logger:Log (UnityEngine.LogType,object)
UnityEngine.Debug:LogError (object)
PSX.PsxVolumeRenderPass`1<PSX.Pixelation>:.ctor (UnityEngine.Shader,string,UnityEngine.Rendering.Universal.RenderPassEvent,bool) (at Assets/scripts/PSX/PsxVolumeRenderPass.cs:33)
PSX.PixelationPass:.ctor (UnityEngine.Shader,UnityEngine.Rendering.Universal.RenderPassEvent) (at Assets/scripts/Pixelation/PixelationRenderFeature.cs:39)
PSX.PixelationRenderFeature:Create () (at Assets/scripts/Pixelation/PixelationRenderFeature.cs:12)
UnityEngine.Rendering.Universal.ScriptableRendererFeature:OnEnable () (at ./Library/PackageCache/com.unity.render-pipelines.universal@7b0cf3c8f06b/Runtime/ScriptableRendererFeature.cs:52)
UnityEditor.AssetDatabase:LoadMainAssetAtPath (string)
UnityEditor.Search.AssetIndexer:IndexProperties (int&,string&,bool&)
UnityEditor.Search.AssetIndexer:IndexDocument (string,bool)
UnityEditor.Search.SearchIndexEntryImporter:OnImportAsset (UnityEditor.AssetImporters.AssetImportContext)
UnityEditor.AssetImporters.ScriptedImporter:GenerateAssetData (UnityEditor.AssetImporters.AssetImportContext)

(Filename: Assets/scripts/PSX/PsxVolumeRenderPass.cs Line: 33)

[PSX] Missing shader reference for pass "PSX Dithering". Assign it on the renderer feature asset.
UnityEngine.Debug:ExtractStackTraceNoAlloc (byte*,int,string)
UnityEngine.StackTraceUtility:ExtractStackTrace ()
UnityEngine.DebugLogHandler:Internal_Log (UnityEngine.LogType,UnityEngine.LogOption,string,UnityEngine.Object)
UnityEngine.DebugLogHandler:LogFormat (UnityEngine.LogType,UnityEngine.Object,string,object[])
UnityEngine.Logger:Log (UnityEngine.LogType,object)
UnityEngine.Debug:LogError (object)
PSX.PsxVolumeRenderPass`1<PSX.Dithering>:.ctor (UnityEngine.Shader,string,UnityEngine.Rendering.Universal.RenderPassEvent,bool) (at Assets/scripts/PSX/PsxVolumeRenderPass.cs:33)
PSX.DitheringPass:.ctor (UnityEngine.Shader,UnityEngine.Rendering.Universal.RenderPassEvent) (at Assets/scripts/Dithering/DitheringRenderFeature.cs:40)
PSX.DitheringRenderFeature:Create () (at Assets/scripts/Dithering/DitheringRenderFeature.cs:12)
UnityEngine.Rendering.Universal.ScriptableRendererFeature:OnEnable () (at ./Library/PackageCache/com.unity.render-pipelines.universal@7b0cf3c8f06b/Runtime/ScriptableRendererFeature.cs:52)
UnityEditor.AssetDatabase:LoadMainAssetAtPath (string)
UnityEditor.Search.AssetIndexer:IndexProperties (int&,string&,bool&)
UnityEditor.Search.AssetIndexer:IndexDocument (string,bool)
UnityEditor.Search.SearchIndexEntryImporter:OnImportAsset (UnityEditor.AssetImporters.AssetImportContext)
UnityEditor.AssetImporters.ScriptedImporter:GenerateAssetData (UnityEditor.AssetImporters.AssetImportContext)

(Filename: Assets/scripts/PSX/PsxVolumeRenderPass.cs Line: 33)

[PSX] Missing shader reference for pass "PSX CRT". Assign it on the renderer feature asset.
UnityEngine.Debug:ExtractStackTraceNoAlloc (byte*,int,string)
UnityEngine.StackTraceUtility:ExtractStackTrace ()
UnityEngine.DebugLogHandler:Internal_Log (UnityEngine.LogType,UnityEngine.LogOption,string,UnityEngine.Object)
UnityEngine.DebugLogHandler:LogFormat (UnityEngine.LogType,UnityEngine.Object,string,object[])
UnityEngine.Logger:Log (UnityEngine.LogType,object)
UnityEngine.Debug:LogError (object)
PSX.PsxVolumeRenderPass`1<Crt>:.ctor (UnityEngine.Shader,string,UnityEngine.Rendering.Universal.RenderPassEvent,bool) (at Assets/scripts/PSX/PsxVolumeRenderPass.cs:33)
PSX.CRTPass:.ctor (UnityEngine.Shader,UnityEngine.Rendering.Universal.RenderPassEvent) (at Assets/scripts/CRT/CRTRenderFeature.cs:58)
PSX.CRTRenderFeature:Create () (at Assets/scripts/CRT/CRTRenderFeature.cs:12)
UnityEngine.Rendering.Universal.ScriptableRendererFeature:OnEnable () (at ./Library/PackageCache/com.unity.render-pipelines.universal@7b0cf3c8f06b/Runtime/ScriptableRendererFeature.cs:52)
UnityEditor.AssetDatabase:LoadMainAssetAtPath (string)
UnityEditor.Search.AssetIndexer:IndexProperties (int&,string&,bool&)
UnityEditor.Search.AssetIndexer:IndexDocument (string,bool)
UnityEditor.Search.SearchIndexEntryImporter:OnImportAsset (UnityEditor.AssetImporters.AssetImportContext)
UnityEditor.AssetImporters.ScriptedImporter:GenerateAssetData (UnityEditor.AssetImporters.AssetImportContext)

(Filename: Assets/scripts/PSX/PsxVolumeRenderPass.cs Line: 33)

 -> (artifact id: 'a2d0cf55b6b4074be22584c4590edd91') in 0.1209487 seconds
Number of updated asset objects reloaded before import = 0Number of asset objects unloaded after import = 6

========================================================================
Received Import Request.
  Time since last request: 0.000078 seconds.
  path: Assets/scripts/Pixelation/Pixelation.cs
  artifactKey: Guid(35a1bd58dd7548198609eabd8ae2bb7d) Importer(2089858483,192608db42251d675da83286b1cce702)
Start importing Assets/scripts/Pixelation/Pixelation.cs using Guid(35a1bd58dd7548198609eabd8ae2bb7d) Importer(2089858483,192608db42251d675da83286b1cce702) (ScriptedImporter) -> (artifact id: 'c58ed38e1b56169cc6a0d9da24ba8ad7') in 0.0446154 seconds
Number of updated asset objects reloaded before import = 0Number of asset objects unloaded after import = 0

========================================================================
Received Import Request.
  Time since last request: 0.000054 seconds.
  path: Assets/scripts/AutoCurationConfig.cs
  artifactKey: Guid(92096e942655c431fbdb53e913009140) Importer(2089858483,192608db42251d675da83286b1cce702)
Start importing Assets/scripts/AutoCurationConfig.cs using Guid(92096e942655c431fbdb53e913009140) Importer(2089858483,192608db42251d675da83286b1cce702) (ScriptedImporter) -> (artifact id: 'be9476ab9f0aad17cc3998cbd1d2add4') in 0.0419485 seconds
Number of updated asset objects reloaded before import = 0Number of asset objects unloaded after import = 0

========================================================================
Received Import Request.
  Time since last request: 0.000080 seconds.
  path: Assets/Settings/Mobile_Renderer.asset
  artifactKey: Guid(65bc7dbf4170f435aa868c779acfb082) Importer(2089858483,192608db42251d675da83286b1cce702)
Start importing Assets/Settings/Mobile_Renderer.asset using Guid(65bc7dbf4170f435aa868c779acfb082) Importer(2089858483,192608db42251d675da83286b1cce702) (ScriptedImporter) -> (artifact id: '99de60916eed386937764de701b111c4') in 0.1185103 seconds
Number of updated asset objects reloaded before import = 0Number of asset objects unloaded after import = 1

========================================================================
Received Import Request.
  Time since last request: 0.000061 seconds.
  path: Assets/Materials/basic colours/flatwhite.mat
  artifactKey: Guid(5fe62cd0aca7715439391fd860d762da) Importer(2089858483,192608db42251d675da83286b1cce702)
Start importing Assets/Materials/basic colours/flatwhite.mat using Guid(5fe62cd0aca7715439391fd860d762da) Importer(2089858483,192608db42251d675da83286b1cce702) (ScriptedImporter) -> (artifact id: '13bef31fb5210a4831c7adda96657b93') in 0.0551048 seconds
Number of updated asset objects reloaded before import = 0Number of asset objects unloaded after import = 1

========================================================================
Received Import Request.
  Time since last request: 0.000081 seconds.
  path: Assets/scripts/SandboxNoiseProgressController.cs
  artifactKey: Guid(776691e64514d6841930f8c00aba1519) Importer(2089858483,192608db42251d675da83286b1cce702)
Start importing Assets/scripts/SandboxNoiseProgressController.cs using Guid(776691e64514d6841930f8c00aba1519) Importer(2089858483,192608db42251d675da83286b1cce702) (ScriptedImporter) -> (artifact id: 'b07154144c3bf8876d1b3f7e4a5a0845') in 0.0425688 seconds
Number of updated asset objects reloaded before import = 0Number of asset objects unloaded after import = 0

========================================================================
Received Import Request.
  Time since last request: 0.000053 seconds.
  path: Assets/scripts/StreamingAssetModelPaths.cs
  artifactKey: Guid(848955dc40e34b94fbad1b6067de57ea) Importer(2089858483,192608db42251d675da83286b1cce702)
Start importing Assets/scripts/StreamingAssetModelPaths.cs using Guid(848955dc40e34b94fbad1b6067de57ea) Importer(2089858483,192608db42251d675da83286b1cce702) (ScriptedImporter) -> (artifact id: '1527deb146a1a783c6d73a3e6956c532') in 0.0738793 seconds
Number of updated asset objects reloaded before import = 0Number of asset objects unloaded after import = 0

========================================================================
Received Import Request.
  Time since last request: 0.000082 seconds.
  path: Assets/scripts/_legacy/GazeManager.cs
  artifactKey: Guid(7e916bd1b07444294b0edde057cd28aa) Importer(2089858483,192608db42251d675da83286b1cce702)
Start importing Assets/scripts/_legacy/GazeManager.cs using Guid(7e916bd1b07444294b0edde057cd28aa) Importer(2089858483,192608db42251d675da83286b1cce702) (ScriptedImporter) -> (artifact id: 'a0a9087aeabc2e7403074e92d02f4a5c') in 0.0477197 seconds
Number of updated asset objects reloaded before import = 0Number of asset objects unloaded after import = 0

========================================================================
Received Import Request.
  Time since last request: 0.000061 seconds.
  path: Assets/scripts/_legacy/GalleryManager.cs
  artifactKey: Guid(9e238dac9c4ce48e69a9bee03d93f125) Importer(2089858483,192608db42251d675da83286b1cce702)
Start importing Assets/scripts/_legacy/GalleryManager.cs using Guid(9e238dac9c4ce48e69a9bee03d93f125) Importer(2089858483,192608db42251d675da83286b1cce702) (ScriptedImporter) -> (artifact id: '411bfbc638cbaf919755aabe932070c7') in 0.0356923 seconds
Number of updated asset objects reloaded before import = 0Number of asset objects unloaded after import = 0

========================================================================
Received Import Request.
  Time since last request: 0.000083 seconds.
  path: Assets/scripts/_legacy/LinearRoomTrigger.cs
  artifactKey: Guid(a2be0f9cdf39f426e8f38cae5bd1a37a) Importer(2089858483,192608db42251d675da83286b1cce702)
Start importing Assets/scripts/_legacy/LinearRoomTrigger.cs using Guid(a2be0f9cdf39f426e8f38cae5bd1a37a) Importer(2089858483,192608db42251d675da83286b1cce702) (ScriptedImporter) -> (artifact id: '3f35bbc9ac320210abd87514d592198c') in 0.0338527 seconds
Number of updated asset objects reloaded before import = 0Number of asset objects unloaded after import = 0

========================================================================
Received Import Request.
  Time since last request: 0.000063 seconds.
  path: Assets/scripts/_legacy/LightFlickerController.cs
  artifactKey: Guid(b44dd98a37bf0487380d9373db413e6e) Importer(2089858483,192608db42251d675da83286b1cce702)
Start importing Assets/scripts/_legacy/LightFlickerController.cs using Guid(b44dd98a37bf0487380d9373db413e6e) Importer(2089858483,192608db42251d675da83286b1cce702) (ScriptedImporter) -> (artifact id: '1c7d930d2b38f5916c656728a4125c39') in 0.045731 seconds
Number of updated asset objects reloaded before import = 0Number of asset objects unloaded after import = 0

========================================================================
Received Import Request.
  Time since last request: 0.000100 seconds.
  path: Assets/scripts/PlayerInputFreeze.cs
  artifactKey: Guid(8d4a3ac39533d40d7a0a55c5f8df61eb) Importer(2089858483,192608db42251d675da83286b1cce702)
Start importing Assets/scripts/PlayerInputFreeze.cs using Guid(8d4a3ac39533d40d7a0a55c5f8df61eb) Importer(2089858483,192608db42251d675da83286b1cce702) (ScriptedImporter) -> (artifact id: '98729a359a00238eac62565f8d6c0b12') in 0.0523002 seconds
Number of updated asset objects reloaded before import = 0Number of asset objects unloaded after import = 0

========================================================================
Received Import Request.
  Time since last request: 0.000049 seconds.
  path: Assets/scripts/_legacy/RecommendationDebugUI.cs
  artifactKey: Guid(125f6a62624cb41e481877f196862c16) Importer(2089858483,192608db42251d675da83286b1cce702)
Start importing Assets/scripts/_legacy/RecommendationDebugUI.cs using Guid(125f6a62624cb41e481877f196862c16) Importer(2089858483,192608db42251d675da83286b1cce702) (ScriptedImporter) -> (artifact id: '54f081a4dcfc4e3f3d94e4411856693f') in 0.0466725 seconds
Number of updated asset objects reloaded before import = 0Number of asset objects unloaded after import = 0

========================================================================
Received Import Request.
  Time since last request: 0.000063 seconds.
  path: Assets/scripts/SandboxPropGridAligner.cs
  artifactKey: Guid(f32c49433e2059b46b8801f80f475db1) Importer(2089858483,192608db42251d675da83286b1cce702)
Start importing Assets/scripts/SandboxPropGridAligner.cs using Guid(f32c49433e2059b46b8801f80f475db1) Importer(2089858483,192608db42251d675da83286b1cce702) (ScriptedImporter) -> (artifact id: 'f3aae503c25f1a9613bf05a959a8470b') in 0.0343132 seconds
Number of updated asset objects reloaded before import = 0Number of asset objects unloaded after import = 0

========================================================================
Received Import Request.
  Time since last request: 0.000076 seconds.
  path: Assets/scripts/_legacy/RoomLoopManager.cs
  artifactKey: Guid(042c2a76c992846289211731e1cc7565) Importer(2089858483,192608db42251d675da83286b1cce702)
Start importing Assets/scripts/_legacy/RoomLoopManager.cs using Guid(042c2a76c992846289211731e1cc7565) Importer(2089858483,192608db42251d675da83286b1cce702) (ScriptedImporter) -> (artifact id: '0898f4a4777d46ad4be03443b58a1d4b') in 0.0394509 seconds
Number of updated asset objects reloaded before import = 0Number of asset objects unloaded after import = 0

========================================================================
Received Import Request.
  Time since last request: 0.000053 seconds.
  path: Assets/scripts/_legacy/DesperationStrategy.cs
  artifactKey: Guid(8b6454be0bb6a4f28abaa65cecd6fe8a) Importer(2089858483,192608db42251d675da83286b1cce702)
Start importing Assets/scripts/_legacy/DesperationStrategy.cs using Guid(8b6454be0bb6a4f28abaa65cecd6fe8a) Importer(2089858483,192608db42251d675da83286b1cce702) (ScriptedImporter) -> (artifact id: '1d3541c27190cbd9ec4bfc22bf10547a') in 0.0689572 seconds
Number of updated asset objects reloaded before import = 0Number of asset objects unloaded after import = 0

========================================================================
Received Import Request.
  Time since last request: 0.000084 seconds.
  path: Assets/scripts/_legacy/DesktopGazeProvider.cs
  artifactKey: Guid(40ec7007ccc7749dd8adb6a3a1a70f7f) Importer(2089858483,192608db42251d675da83286b1cce702)
Start importing Assets/scripts/_legacy/DesktopGazeProvider.cs using Guid(40ec7007ccc7749dd8adb6a3a1a70f7f) Importer(2089858483,192608db42251d675da83286b1cce702) (ScriptedImporter) -> (artifact id: 'b398e678b61b8d85b8f64eeb8bc05d5f') in 0.1002518 seconds
Number of updated asset objects reloaded before import = 0Number of asset objects unloaded after import = 0

========================================================================
Received Import Request.
  Time since last request: 0.000052 seconds.
  path: Assets/Shaders/cginc/voronoi.cginc
  artifactKey: Guid(1a56186e6fc2480ab1e17d1d6012060e) Importer(2089858483,192608db42251d675da83286b1cce702)
Start importing Assets/Shaders/cginc/voronoi.cginc using Guid(1a56186e6fc2480ab1e17d1d6012060e) Importer(2089858483,192608db42251d675da83286b1cce702) (ScriptedImporter) -> (artifact id: 'e0db32540d2e286c0f0c583396cd475d') in 0.0623136 seconds
Number of updated asset objects reloaded before import = 0Number of asset objects unloaded after import = 1

========================================================================
Received Import Request.
  Time since last request: 0.000082 seconds.
  path: Assets/Shaders/HLSL/CustomLighting.hlsl
  artifactKey: Guid(fd96fa3ae441a2a43a4be1835e3752d0) Importer(2089858483,192608db42251d675da83286b1cce702)
Start importing Assets/Shaders/HLSL/CustomLighting.hlsl using Guid(fd96fa3ae441a2a43a4be1835e3752d0) Importer(2089858483,192608db42251d675da83286b1cce702) (ScriptedImporter) -> (artifact id: '9131dae4fa84786b9324e08c4d59f5ad') in 0.0654674 seconds
Number of updated asset objects reloaded before import = 0Number of asset objects unloaded after import = 1

========================================================================
Received Import Request.
  Time since last request: 0.000046 seconds.
  path: Assets/Shaders/Other/PS1AffineFogPolyBrush.shader
  artifactKey: Guid(ac278f0feaec46e41b7d834fbca6eb8b) Importer(2089858483,192608db42251d675da83286b1cce702)
Start importing Assets/Shaders/Other/PS1AffineFogPolyBrush.shader using Guid(ac278f0feaec46e41b7d834fbca6eb8b) Importer(2089858483,192608db42251d675da83286b1cce702) (ScriptedImporter) -> (artifact id: 'eb1b7926817a5ee79b3f42f2bdd17eda') in 0.054533 seconds
Number of updated asset objects reloaded before import = 0Number of asset objects unloaded after import = 1

========================================================================
Received Import Request.
  Time since last request: 0.000092 seconds.
  path: Assets/Settings/DefaultVolumeProfile.asset
  artifactKey: Guid(ab09877e2e707104187f6f83e2f62510) Importer(2089858483,192608db42251d675da83286b1cce702)
Start importing Assets/Settings/DefaultVolumeProfile.asset using Guid(ab09877e2e707104187f6f83e2f62510) Importer(2089858483,192608db42251d675da83286b1cce702) (ScriptedImporter) -> (artifact id: 'cabd66eaeebef88871cdf53ebebaf792') in 0.0471995 seconds
Number of updated asset objects reloaded before import = 0Number of asset objects unloaded after import = 0

========================================================================
Received Import Request.
  Time since last request: 0.000083 seconds.
  path: Assets/StreamingAssets/RandomObjects/banana_pile.glb
  artifactKey: Guid(dbf98e67f186dc946ba8e861e14dd585) Importer(2089858483,192608db42251d675da83286b1cce702)
Start importing Assets/StreamingAssets/RandomObjects/banana_pile.glb using Guid(dbf98e67f186dc946ba8e861e14dd585) Importer(2089858483,192608db42251d675da83286b1cce702) (ScriptedImporter) -> (artifact id: '0a88579f32ac4034f5c87054cc2f252a') in 0.028303 seconds
Number of updated asset objects reloaded before import = 0Number of asset objects unloaded after import = 1

========================================================================
Received Import Request.
  Time since last request: 0.000051 seconds.
  path: Assets/scripts/DoorOpen.cs
  artifactKey: Guid(f99041d0cd968c64a9e885ac11e2270c) Importer(2089858483,192608db42251d675da83286b1cce702)
Start importing Assets/scripts/DoorOpen.cs using Guid(f99041d0cd968c64a9e885ac11e2270c) Importer(2089858483,192608db42251d675da83286b1cce702) (ScriptedImporter) -> (artifact id: 'fd859f84bb5fbf7fd48b546682ff0f3d') in 0.0318286 seconds
Number of updated asset objects reloaded before import = 0Number of asset objects unloaded after import = 0

========================================================================
Received Import Request.
  Time since last request: 0.000056 seconds.
  path: Assets/StreamingAssets/RandomObjects/barlamp_001.glb
  artifactKey: Guid(eb6652f5557a4a54b9004cc7417c61b0) Importer(2089858483,192608db42251d675da83286b1cce702)
Start importing Assets/StreamingAssets/RandomObjects/barlamp_001.glb using Guid(eb6652f5557a4a54b9004cc7417c61b0) Importer(2089858483,192608db42251d675da83286b1cce702) (ScriptedImporter) -> (artifact id: 'c9892b3850e1eee947f8d95d589406bd') in 0.0997704 seconds
Number of updated asset objects reloaded before import = 0Number of asset objects unloaded after import = 1

========================================================================
Received Import Request.
  Time since last request: 0.000112 seconds.
  path: Assets/scripts/GameplayEventDebugLog.cs
  artifactKey: Guid(c3a91b4e2f5d4a1e8b0c6d3e9f7a2b8c) Importer(2089858483,192608db42251d675da83286b1cce702)
Start importing Assets/scripts/GameplayEventDebugLog.cs using Guid(c3a91b4e2f5d4a1e8b0c6d3e9f7a2b8c) Importer(2089858483,192608db42251d675da83286b1cce702) (ScriptedImporter) -> (artifact id: '29b528c9ad666e9af3b218582be5ca75') in 0.0700074 seconds
Number of updated asset objects reloaded before import = 0Number of asset objects unloaded after import = 0

========================================================================
Received Import Request.
  Time since last request: 0.000053 seconds.
  path: Assets/StreamingAssets/RandomObjects/buoy_ref.glb
  artifactKey: Guid(bb6e71e6240a0164a9db1f26c72d5485) Importer(2089858483,192608db42251d675da83286b1cce702)
Start importing Assets/StreamingAssets/RandomObjects/buoy_ref.glb using Guid(bb6e71e6240a0164a9db1f26c72d5485) Importer(2089858483,192608db42251d675da83286b1cce702) (ScriptedImporter) -> (artifact id: '8cfdc503605791133184e6f8d7d4a828') in 0.0318226 seconds
Number of updated asset objects reloaded before import = 0Number of asset objects unloaded after import = 1

========================================================================
Received Import Request.
  Time since last request: 0.000076 seconds.
  path: Assets/StreamingAssets/RandomObjects/candy_cane_01.glb
  artifactKey: Guid(a96e1be372419ea46940986dcf962261) Importer(2089858483,192608db42251d675da83286b1cce702)
Start importing Assets/StreamingAssets/RandomObjects/candy_cane_01.glb using Guid(a96e1be372419ea46940986dcf962261) Importer(2089858483,192608db42251d675da83286b1cce702) (ScriptedImporter) -> (artifact id: '5f34b81ef8aef023f41bf180acef8f84') in 0.0271081 seconds
Number of updated asset objects reloaded before import = 0Number of asset objects unloaded after import = 1

========================================================================
Received Import Request.
  Time since last request: 0.000056 seconds.
  path: Assets/scripts/SandboxManager.cs
  artifactKey: Guid(64bda65945b4c43a387cc0f9b5e2742d) Importer(2089858483,192608db42251d675da83286b1cce702)
Start importing Assets/scripts/SandboxManager.cs using Guid(64bda65945b4c43a387cc0f9b5e2742d) Importer(2089858483,192608db42251d675da83286b1cce702) (ScriptedImporter) -> (artifact id: '0a6bc3cfa86b9180464a1d9f56321020') in 0.0417733 seconds
Number of updated asset objects reloaded before import = 0Number of asset objects unloaded after import = 0

========================================================================
Received Import Request.
  Time since last request: 0.000056 seconds.
  path: Assets/Materials/basic colours/White.mat
  artifactKey: Guid(c03f27b7e26024d40820f9430443b210) Importer(2089858483,192608db42251d675da83286b1cce702)
Start importing Assets/Materials/basic colours/White.mat using Guid(c03f27b7e26024d40820f9430443b210) Importer(2089858483,192608db42251d675da83286b1cce702) (ScriptedImporter) -> (artifact id: '6477ed0edf54a25d66d84305854a5260') in 0.0391067 seconds
Number of updated asset objects reloaded before import = 0Number of asset objects unloaded after import = 1

========================================================================
Received Import Request.
  Time since last request: 0.000084 seconds.
  path: Assets/Scenes/Psx_PBR.unity
  artifactKey: Guid(7d009cd99cb21d44d89ee3334d83a4cd) Importer(2089858483,192608db42251d675da83286b1cce702)
Start importing Assets/Scenes/Psx_PBR.unity using Guid(7d009cd99cb21d44d89ee3334d83a4cd) Importer(2089858483,192608db42251d675da83286b1cce702) (ScriptedImporter) -> (artifact id: '40014d697425d7126f0078e3f94941a7') in 0.0665652 seconds
Number of updated asset objects reloaded before import = 0Number of asset objects unloaded after import = 1

========================================================================
Received Import Request.
  Time since last request: 0.000053 seconds.
  path: Assets/StreamingAssets/RandomObjects/garland_wreath.glb
  artifactKey: Guid(75214e63c3aad2b45b2c1485aacbdb35) Importer(2089858483,192608db42251d675da83286b1cce702)
Start importing Assets/StreamingAssets/RandomObjects/garland_wreath.glb using Guid(75214e63c3aad2b45b2c1485aacbdb35) Importer(2089858483,192608db42251d675da83286b1cce702) (ScriptedImporter) -> (artifact id: 'c82a9bec86dca64f7bbfadd0fbac0d64') in 0.0266976 seconds
Number of updated asset objects reloaded before import = 0Number of asset objects unloaded after import = 1

========================================================================
Received Import Request.
  Time since last request: 0.000082 seconds.
  path: Assets/StreamingAssets/RandomObjects/carnival_signs.glb
  artifactKey: Guid(a76cf32c2fdcd254f988a76aefe345af) Importer(2089858483,192608db42251d675da83286b1cce702)
Start importing Assets/StreamingAssets/RandomObjects/carnival_signs.glb using Guid(a76cf32c2fdcd254f988a76aefe345af) Importer(2089858483,192608db42251d675da83286b1cce702) (ScriptedImporter) -> (artifact id: 'ffd44942170f953ae5ed2d37956e1048') in 0.0323366 seconds
Number of updated asset objects reloaded before import = 0Number of asset objects unloaded after import = 1

========================================================================
Received Import Request.
  Time since last request: 0.000061 seconds.
  path: Assets/scripts/UserProfile.cs
  artifactKey: Guid(5bfce378da07140668eaff410e107b5c) Importer(2089858483,192608db42251d675da83286b1cce702)
Start importing Assets/scripts/UserProfile.cs using Guid(5bfce378da07140668eaff410e107b5c) Importer(2089858483,192608db42251d675da83286b1cce702) (ScriptedImporter) -> (artifact id: '8db5c373a0ac9653dd741fb412caaa59') in 0.0392234 seconds
Number of updated asset objects reloaded before import = 0Number of asset objects unloaded after import = 0

========================================================================
Received Import Request.
  Time since last request: 0.000077 seconds.
  path: Assets/scripts/_legacy/placeBlock.cs
  artifactKey: Guid(96a29249fc513b44ab7a4b20fbf29b05) Importer(2089858483,192608db42251d675da83286b1cce702)
Start importing Assets/scripts/_legacy/placeBlock.cs using Guid(96a29249fc513b44ab7a4b20fbf29b05) Importer(2089858483,192608db42251d675da83286b1cce702) (ScriptedImporter) -> (artifact id: '4f58a1ded41a9c4cb2b266e3805016c6') in 0.0450295 seconds
Number of updated asset objects reloaded before import = 0Number of asset objects unloaded after import = 0

========================================================================
Received Import Request.
  Time since last request: 0.000053 seconds.
  path: Assets/URP-PSX Render Pipeline Global Settings.asset
  artifactKey: Guid(000a15220f03c4b4eae4dfb95253bbd0) Importer(2089858483,192608db42251d675da83286b1cce702)
Start importing Assets/URP-PSX Render Pipeline Global Settings.asset using Guid(000a15220f03c4b4eae4dfb95253bbd0) Importer(2089858483,192608db42251d675da83286b1cce702) (ScriptedImporter) -> (artifact id: 'c6e2fc706e6fe42741c44c987ba1ad93') in 0.0608565 seconds
Number of updated asset objects reloaded before import = 0Number of asset objects unloaded after import = 1

========================================================================
Received Import Request.
  Time since last request: 0.000082 seconds.
  path: Assets/StreamingAssets/RandomObjects/redwagon.glb
  artifactKey: Guid(bb9ea2d6898ff174b8b98ed67f4548a4) Importer(2089858483,192608db42251d675da83286b1cce702)
Start importing Assets/StreamingAssets/RandomObjects/redwagon.glb using Guid(bb9ea2d6898ff174b8b98ed67f4548a4) Importer(2089858483,192608db42251d675da83286b1cce702) (ScriptedImporter) -> (artifact id: 'ec7882d68cfda4101ec5d71c68a4fbf4') in 0.03215 seconds
Number of updated asset objects reloaded before import = 0Number of asset objects unloaded after import = 1

========================================================================
Received Import Request.
  Time since last request: 0.000047 seconds.
  path: Assets/scripts/_legacy/RoomRuntime.cs
  artifactKey: Guid(b425ae70cea6b455691d5a09c47901bb) Importer(2089858483,192608db42251d675da83286b1cce702)
Start importing Assets/scripts/_legacy/RoomRuntime.cs using Guid(b425ae70cea6b455691d5a09c47901bb) Importer(2089858483,192608db42251d675da83286b1cce702) (ScriptedImporter) -> (artifact id: '384096b304dfe980c863537241ccc3ac') in 0.0457101 seconds
Number of updated asset objects reloaded before import = 0Number of asset objects unloaded after import = 0

========================================================================
Received Import Request.
  Time since last request: 0.000063 seconds.
  path: Assets/Settings/URP-PSX Volume Profile.asset
  artifactKey: Guid(7bbe35cdf5d69e14abbb03eccedaa5bd) Importer(2089858483,192608db42251d675da83286b1cce702)
Start importing Assets/Settings/URP-PSX Volume Profile.asset using Guid(7bbe35cdf5d69e14abbb03eccedaa5bd) Importer(2089858483,192608db42251d675da83286b1cce702) (ScriptedImporter) -> (artifact id: 'cf1b958fea6d38e6e94257cae3213f39') in 0.0913908 seconds
Number of updated asset objects reloaded before import = 0Number of asset objects unloaded after import = 1

========================================================================
Received Import Request.
  Time since last request: 0.000122 seconds.
  path: Assets/scripts/_legacy/ExplorationStrategy.cs
  artifactKey: Guid(230d521432ff04be384b3fc57810d72f) Importer(2089858483,192608db42251d675da83286b1cce702)
Start importing Assets/scripts/_legacy/ExplorationStrategy.cs using Guid(230d521432ff04be384b3fc57810d72f) Importer(2089858483,192608db42251d675da83286b1cce702) (ScriptedImporter) -> (artifact id: 'f781f37e12098d1758abffbc00f05bc0') in 0.0321067 seconds
Number of updated asset objects reloaded before import = 0Number of asset objects unloaded after import = 0

========================================================================
Received Import Request.
  Time since last request: 0.000057 seconds.
  path: Assets/Subgraphs/Other/randomColorPicker.shadersubgraph
  artifactKey: Guid(2b96a7236566daf4cb73b2099759177a) Importer(2089858483,192608db42251d675da83286b1cce702)
Start importing Assets/Subgraphs/Other/randomColorPicker.shadersubgraph using Guid(2b96a7236566daf4cb73b2099759177a) Importer(2089858483,192608db42251d675da83286b1cce702) (ScriptedImporter) -> (artifact id: 'a95b4f69f1b83c0f1574122fdd5593dc') in 0.0666859 seconds
Number of updated asset objects reloaded before import = 0Number of asset objects unloaded after import = 1

========================================================================
Received Import Request.
  Time since last request: 0.000056 seconds.
  path: Assets/TextMesh Pro/Shaders/TMPro_Mobile.cginc
  artifactKey: Guid(c334973cef89a9840b0b0c507e0377ab) Importer(2089858483,192608db42251d675da83286b1cce702)
Start importing Assets/TextMesh Pro/Shaders/TMPro_Mobile.cginc using Guid(c334973cef89a9840b0b0c507e0377ab) Importer(2089858483,192608db42251d675da83286b1cce702) (ScriptedImporter) -> (artifact id: '6452d1f8abf5e4cdd64e75660afdf78b') in 0.051988 seconds
Number of updated asset objects reloaded before import = 0Number of asset objects unloaded after import = 1

========================================================================
Received Import Request.
  Time since last request: 0.000085 seconds.
  path: Assets/Resources/PropGhostFallback.mat
  artifactKey: Guid(b2e7f4a93c1d5480b6e9a2f7d4c8e1b0) Importer(2089858483,192608db42251d675da83286b1cce702)
Start importing Assets/Resources/PropGhostFallback.mat using Guid(b2e7f4a93c1d5480b6e9a2f7d4c8e1b0) Importer(2089858483,192608db42251d675da83286b1cce702) (ScriptedImporter) -> (artifact id: '4832cef8722ffb28f9387febff7187d7') in 0.0693068 seconds
Number of updated asset objects reloaded before import = 0Number of asset objects unloaded after import = 2

========================================================================
Received Import Request.
  Time since last request: 0.000052 seconds.
  path: Assets/TextMesh Pro/Shaders/TMP_SDF-Mobile SSD.shader
  artifactKey: Guid(c8d12adcee749c344b8117cf7c7eb912) Importer(2089858483,192608db42251d675da83286b1cce702)
Start importing Assets/TextMesh Pro/Shaders/TMP_SDF-Mobile SSD.shader using Guid(c8d12adcee749c344b8117cf7c7eb912) Importer(2089858483,192608db42251d675da83286b1cce702) (ScriptedImporter) -> (artifact id: 'e17af3d4697ba2912fdf371be4605bee') in 0.0408031 seconds
Number of updated asset objects reloaded before import = 0Number of asset objects unloaded after import = 1

========================================================================
Received Import Request.
  Time since last request: 0.000077 seconds.
  path: Assets/Shaders/AtmosphereFloor.shader
  artifactKey: Guid(2ab635877827b4e51b502acae55b1035) Importer(2089858483,192608db42251d675da83286b1cce702)
Start importing Assets/Shaders/AtmosphereFloor.shader using Guid(2ab635877827b4e51b502acae55b1035) Importer(2089858483,192608db42251d675da83286b1cce702) (ScriptedImporter) -> (artifact id: '1dfa77afe45907cf327df555b4a56cab') in 0.1295875 seconds
Number of updated asset objects reloaded before import = 0Number of asset objects unloaded after import = 1

========================================================================
Received Import Request.
  Time since last request: 0.000059 seconds.
  path: Assets/TextMesh Pro/Shaders/TMP_SDF-URP Lit.shadergraph
  artifactKey: Guid(a3d800b099a06e0478fb790c5e79057a) Importer(2089858483,192608db42251d675da83286b1cce702)
Start importing Assets/TextMesh Pro/Shaders/TMP_SDF-URP Lit.shadergraph using Guid(a3d800b099a06e0478fb790c5e79057a) Importer(2089858483,192608db42251d675da83286b1cce702) (ScriptedImporter) -> (artifact id: '2a1e00120e21e95d4653ede6c45228f4') in 0.8910037 seconds
Number of updated asset objects reloaded before import = 0Number of asset objects unloaded after import = 4

========================================================================
Received Import Request.
  Time since last request: 0.000080 seconds.
  path: Assets/Shaders/Other/Unlit_PS1AffineFog.mat
  artifactKey: Guid(1c2a2bf9e71c9764a861f3de56b26509) Importer(2089858483,192608db42251d675da83286b1cce702)
Start importing Assets/Shaders/Other/Unlit_PS1AffineFog.mat using Guid(1c2a2bf9e71c9764a861f3de56b26509) Importer(2089858483,192608db42251d675da83286b1cce702) (ScriptedImporter) -> (artifact id: '7c3d27c82954521b3de356a71bd37b2d') in 0.0862003 seconds
Number of updated asset objects reloaded before import = 0Number of asset objects unloaded after import = 1

========================================================================
Received Import Request.
  Time since last request: 0.000052 seconds.
  path: Assets/scripts/PhaseVolumeController.cs
  artifactKey: Guid(33718b3134fec4b1abaffb859ffc2b82) Importer(2089858483,192608db42251d675da83286b1cce702)
Start importing Assets/scripts/PhaseVolumeController.cs using Guid(33718b3134fec4b1abaffb859ffc2b82) Importer(2089858483,192608db42251d675da83286b1cce702) (ScriptedImporter) -> (artifact id: '7ed981171dc9ba9c5fb3880075688b2c') in 0.1391263 seconds
Number of updated asset objects reloaded before import = 0Number of asset objects unloaded after import = 0

========================================================================
Received Import Request.
  Time since last request: 0.000075 seconds.
  path: Assets/scripts/Dithering/DitheringController.cs
  artifactKey: Guid(31898a7a07ac44b2ac17a1ef9d941fb8) Importer(2089858483,192608db42251d675da83286b1cce702)
Start importing Assets/scripts/Dithering/DitheringController.cs using Guid(31898a7a07ac44b2ac17a1ef9d941fb8) Importer(2089858483,192608db42251d675da83286b1cce702) (ScriptedImporter) -> (artifact id: '044fd31fbca8600ff8cd5b28effef3b7') in 0.1564786 seconds
Number of updated asset objects reloaded before import = 0Number of asset objects unloaded after import = 0

========================================================================
Received Import Request.
  Time since last request: 0.000062 seconds.
  path: Assets/scripts/SystemPropCleanOverlaySetup.cs
  artifactKey: Guid(f4b8c799bff46b7438f11dc98f6f1697) Importer(2089858483,192608db42251d675da83286b1cce702)
Start importing Assets/scripts/SystemPropCleanOverlaySetup.cs using Guid(f4b8c799bff46b7438f11dc98f6f1697) Importer(2089858483,192608db42251d675da83286b1cce702) (ScriptedImporter) -> (artifact id: '5a701a6324d3e25b7a0aa358b180265c') in 0.0656655 seconds
Number of updated asset objects reloaded before import = 0Number of asset objects unloaded after import = 0

========================================================================
Received Import Request.
  Time since last request: 0.000063 seconds.
  path: Assets/TextMesh Pro/Shaders/TMP_Bitmap.shader
  artifactKey: Guid(128e987d567d4e2c824d754223b3f3b0) Importer(2089858483,192608db42251d675da83286b1cce702)
Start importing Assets/TextMesh Pro/Shaders/TMP_Bitmap.shader using Guid(128e987d567d4e2c824d754223b3f3b0) Importer(2089858483,192608db42251d675da83286b1cce702) (ScriptedImporter) -> (artifact id: '4c92497db44daaeb354a0ef1e56731ed') in 0.0378852 seconds
Number of updated asset objects reloaded before import = 0Number of asset objects unloaded after import = 1

========================================================================
Received Import Request.
  Time since last request: 0.000062 seconds.
  path: Assets/TextMesh Pro/Shaders/TMP_SDF SSD.shader
  artifactKey: Guid(14eb328de4b8eb245bb7cea29e4ac00b) Importer(2089858483,192608db42251d675da83286b1cce702)
Start importing Assets/TextMesh Pro/Shaders/TMP_SDF SSD.shader using Guid(14eb328de4b8eb245bb7cea29e4ac00b) Importer(2089858483,192608db42251d675da83286b1cce702) (ScriptedImporter) -> (artifact id: '2bf7f01950e65a99c156d26e38275ce8') in 0.0358399 seconds
Number of updated asset objects reloaded before import = 0Number of asset objects unloaded after import = 1

========================================================================
Received Import Request.
  Time since last request: 0.000073 seconds.
  path: Assets/TutorialInfo/Icons/URP.png
  artifactKey: Guid(727a75301c3d24613a3ebcec4a24c2c8) Importer(2089858483,192608db42251d675da83286b1cce702)
Start importing Assets/TutorialInfo/Icons/URP.png using Guid(727a75301c3d24613a3ebcec4a24c2c8) Importer(2089858483,192608db42251d675da83286b1cce702) (ScriptedImporter) -> (artifact id: 'd6bac8f3d0f7742f388494486b0f21bb') in 0.1646297 seconds
Number of updated asset objects reloaded before import = 0Number of asset objects unloaded after import = 1

========================================================================
Received Import Request.
  Time since last request: 0.000058 seconds.
  path: Assets/TextMesh Pro/Fonts/LiberationSans - OFL.txt
  artifactKey: Guid(6e59c59b81ab47f9b6ec5781fa725d2c) Importer(2089858483,192608db42251d675da83286b1cce702)
Start importing Assets/TextMesh Pro/Fonts/LiberationSans - OFL.txt using Guid(6e59c59b81ab47f9b6ec5781fa725d2c) Importer(2089858483,192608db42251d675da83286b1cce702) (ScriptedImporter) -> (artifact id: 'bd7e92661cc94f3f8ab582f384f30c8e') in 0.0590637 seconds
Number of updated asset objects reloaded before import = 0Number of asset objects unloaded after import = 1

========================================================================
Received Import Request.
  Time since last request: 0.000093 seconds.
  path: Assets/TextMesh Pro/Resources/Fonts & Materials/LiberationSans SDF - Drop Shadow.mat
  artifactKey: Guid(e73a58f6e2794ae7b1b7e50b7fb811b0) Importer(2089858483,192608db42251d675da83286b1cce702)
Start importing Assets/TextMesh Pro/Resources/Fonts & Materials/LiberationSans SDF - Drop Shadow.mat using Guid(e73a58f6e2794ae7b1b7e50b7fb811b0) Importer(2089858483,192608db42251d675da83286b1cce702) (ScriptedImporter) -> (artifact id: 'c2f6807cbd21335f48a076d88d0fbd8c') in 0.1046254 seconds
Number of updated asset objects reloaded before import = 0Number of asset objects unloaded after import = 2

========================================================================
Received Import Request.
  Time since last request: 0.000075 seconds.
  path: Assets/TextMesh Pro/Shaders/TMP_SDF-Mobile Overlay.shader
  artifactKey: Guid(a02a7d8c237544f1962732b55a9aebf1) Importer(2089858483,192608db42251d675da83286b1cce702)
Start importing Assets/TextMesh Pro/Shaders/TMP_SDF-Mobile Overlay.shader using Guid(a02a7d8c237544f1962732b55a9aebf1) Importer(2089858483,192608db42251d675da83286b1cce702) (ScriptedImporter) -> (artifact id: '7d75c66d8f4ea1230ca371dc55db5476') in 0.0385573 seconds
Number of updated asset objects reloaded before import = 0Number of asset objects unloaded after import = 1

========================================================================
Received Import Request.
  Time since last request: 0.000080 seconds.
  path: Assets/scripts/GlitchPass.cs
  artifactKey: Guid(8375d388a660d4f1a9a1d974af08dbea) Importer(2089858483,192608db42251d675da83286b1cce702)
Start importing Assets/scripts/GlitchPass.cs using Guid(8375d388a660d4f1a9a1d974af08dbea) Importer(2089858483,192608db42251d675da83286b1cce702) (ScriptedImporter) -> (artifact id: '418ad0310f3ebbaa63461bf0abc46053') in 0.035008 seconds
Number of updated asset objects reloaded before import = 0Number of asset objects unloaded after import = 0

========================================================================
Received Import Request.
  Time since last request: 0.000063 seconds.
  path: Assets/Scenes/SampleScene.unity
  artifactKey: Guid(99c9720ab356a0642a771bea13969a05) Importer(2089858483,192608db42251d675da83286b1cce702)
Start importing Assets/Scenes/SampleScene.unity using Guid(99c9720ab356a0642a771bea13969a05) Importer(2089858483,192608db42251d675da83286b1cce702) (ScriptedImporter) -> (artifact id: '47dbdc3a71d63e9a5e34611e000de502') in 0.0766031 seconds
Number of updated asset objects reloaded before import = 0Number of asset objects unloaded after import = 1

========================================================================
Received Import Request.
  Time since last request: 0.000072 seconds.
  path: Assets/scripts/FlickerWhenWatch.cs
  artifactKey: Guid(fdc8f66c5b5884045837fb14881413e7) Importer(2089858483,192608db42251d675da83286b1cce702)
Start importing Assets/scripts/FlickerWhenWatch.cs using Guid(fdc8f66c5b5884045837fb14881413e7) Importer(2089858483,192608db42251d675da83286b1cce702) (ScriptedImporter) -> (artifact id: '48846d3357bd08cf85fe68608aa66beb') in 0.0448197 seconds
Number of updated asset objects reloaded before import = 0Number of asset objects unloaded after import = 0

========================================================================
Received Import Request.
  Time since last request: 0.000054 seconds.
  path: Assets/TextMesh Pro/Sprites/EmojiOne.png
  artifactKey: Guid(dffef66376be4fa480fb02b19edbe903) Importer(2089858483,192608db42251d675da83286b1cce702)
Start importing Assets/TextMesh Pro/Sprites/EmojiOne.png using Guid(dffef66376be4fa480fb02b19edbe903) Importer(2089858483,192608db42251d675da83286b1cce702) (ScriptedImporter) -> (artifact id: 'aa11b3eb0a12d7de275bb5d1f5f4f49b') in 0.0651787 seconds
Number of updated asset objects reloaded before import = 0Number of asset objects unloaded after import = 1

========================================================================
Received Import Request.
  Time since last request: 0.000075 seconds.
  path: Assets/animations/doorclose.anim
  artifactKey: Guid(f54dfce238921f643934b446305254b0) Importer(2089858483,192608db42251d675da83286b1cce702)
Start importing Assets/animations/doorclose.anim using Guid(f54dfce238921f643934b446305254b0) Importer(2089858483,192608db42251d675da83286b1cce702) (ScriptedImporter) -> (artifact id: '0cdd45ef516abd731dd1fd8a2a89b586') in 0.0635393 seconds
Number of updated asset objects reloaded before import = 0Number of asset objects unloaded after import = 1

========================================================================
Received Import Request.
  Time since last request: 0.000059 seconds.
  path: Assets/scripts/Pixelation/PixelationRenderFeature.cs
  artifactKey: Guid(df6534dd185a4f18b50629b58de296b6) Importer(2089858483,192608db42251d675da83286b1cce702)
Start importing Assets/scripts/Pixelation/PixelationRenderFeature.cs using Guid(df6534dd185a4f18b50629b58de296b6) Importer(2089858483,192608db42251d675da83286b1cce702) (ScriptedImporter) -> (artifact id: 'e38339032b546e8e63c9faa1a794f970') in 0.033856 seconds
Number of updated asset objects reloaded before import = 0Number of asset objects unloaded after import = 0

========================================================================
Received Import Request.
  Time since last request: 0.000086 seconds.
  path: Assets/scripts/SandboxBootstrap.cs
  artifactKey: Guid(17fb7c3d266ce491fa461e5d2c0c7aa7) Importer(2089858483,192608db42251d675da83286b1cce702)
Start importing Assets/scripts/SandboxBootstrap.cs using Guid(17fb7c3d266ce491fa461e5d2c0c7aa7) Importer(2089858483,192608db42251d675da83286b1cce702) (ScriptedImporter) -> (artifact id: 'd4689e7e159fc514514957cfa3cfc324') in 0.0358408 seconds
Number of updated asset objects reloaded before import = 0Number of asset objects unloaded after import = 0

========================================================================
Received Import Request.
  Time since last request: 0.000045 seconds.
  path: Assets/Materials/green.mat
  artifactKey: Guid(617ba47f77db54aa1b1d210704eaf86d) Importer(2089858483,192608db42251d675da83286b1cce702)
Start importing Assets/Materials/green.mat using Guid(617ba47f77db54aa1b1d210704eaf86d) Importer(2089858483,192608db42251d675da83286b1cce702) (ScriptedImporter) -> (artifact id: 'f5315dd512cbf5d75114f8fa90f64429') in 0.084109 seconds
Number of updated asset objects reloaded before import = 0Number of asset objects unloaded after import = 1

========================================================================
Received Import Request.
  Time since last request: 0.000058 seconds.
  path: Assets/StreamingAssets/RandomObjects/pumpkin_01.glb
  artifactKey: Guid(90fb9b6bd4e2f6c4283649c5745bd74f) Importer(2089858483,192608db42251d675da83286b1cce702)
Start importing Assets/StreamingAssets/RandomObjects/pumpkin_01.glb using Guid(90fb9b6bd4e2f6c4283649c5745bd74f) Importer(2089858483,192608db42251d675da83286b1cce702) (ScriptedImporter) -> (artifact id: '629915fa5a2bffba016fafad5829a7ef') in 0.0313638 seconds
Number of updated asset objects reloaded before import = 0Number of asset objects unloaded after import = 1

========================================================================
Received Import Request.
  Time since last request: 0.000077 seconds.
  path: Assets/TextMesh Pro/Shaders/TMP_SDF-Mobile Masking.shader
  artifactKey: Guid(bc1ede39bf3643ee8e493720e4259791) Importer(2089858483,192608db42251d675da83286b1cce702)
Start importing Assets/TextMesh Pro/Shaders/TMP_SDF-Mobile Masking.shader using Guid(bc1ede39bf3643ee8e493720e4259791) Importer(2089858483,192608db42251d675da83286b1cce702) (ScriptedImporter) -> (artifact id: '8706c4277ef11727092dec5b273ab553') in 0.0391161 seconds
Number of updated asset objects reloaded before import = 0Number of asset objects unloaded after import = 1

========================================================================
Received Import Request.
  Time since last request: 0.000060 seconds.
  path: Assets/TextMesh Pro/Sprites/EmojiOne Attribution.txt
  artifactKey: Guid(381dcb09d5029d14897e55f98031fca5) Importer(2089858483,192608db42251d675da83286b1cce702)
Start importing Assets/TextMesh Pro/Sprites/EmojiOne Attribution.txt using Guid(381dcb09d5029d14897e55f98031fca5) Importer(2089858483,192608db42251d675da83286b1cce702) (ScriptedImporter) -> (artifact id: '47ec833f2581b04978550e55d7f0b7a0') in 0.0501127 seconds
Number of updated asset objects reloaded before import = 0Number of asset objects unloaded after import = 1

========================================================================
Received Import Request.
  Time since last request: 0.000082 seconds.
  path: Assets/TextMesh Pro/Fonts/LiberationSans.ttf
  artifactKey: Guid(e3265ab4bf004d28a9537516768c1c75) Importer(2089858483,192608db42251d675da83286b1cce702)
Start importing Assets/TextMesh Pro/Fonts/LiberationSans.ttf using Guid(e3265ab4bf004d28a9537516768c1c75) Importer(2089858483,192608db42251d675da83286b1cce702) (ScriptedImporter) -> (artifact id: '80e306a639f4aa9c947375c06fc6e70f') in 0.0656479 seconds
Number of updated asset objects reloaded before import = 0Number of asset objects unloaded after import = 3

Editor requested this worker to shutdown with reason: Scaling down because of idle timeout
AssetImportWorker is now disconnected from the server
Process exiting
Exiting without the bug reporter. Application will terminate with return code 0