[Licensing::Module] Trying to connect to existing licensing client channel...
Built from '6000.0/respin/6000.0.73f1-3ad55a55f786' branch; Version is '6000.0.73f1 (a166abc3bf0e) revision 10577579'; Using compiler version '193933523'; Build Type 'Release'
OS: 'Windows 11  (10.0.26200) Professional' Language: 'en' Physical Memory: 16124 MB
[Licensing::IpcConnector] Successfully connected to: "LicenseClient-anadz" at "2026-05-27T10:19:54.9627604Z"
BatchMode: 1, IsHumanControllingUs: 0, StartBugReporterOnCrash: 0, Is64bit: 1
System  architecture: x64
Process architecture: x64
Date: 2026-05-27T10:19:54Z

COMMAND LINE ARGUMENTS:
C:\Program Files\Unity\Hub\Editor\6000.0.73f1\Editor\Unity.exe
-adb2
-batchMode
-noUpm
-name
AssetImportWorker2
-projectPath
C:/Users/anadz/Desktop/Immersive environments 19.5.26
-logFile
Logs/AssetImportWorker2.log
-srvPort
64907
-licensingIpc
LicenseClient-anadz
-job-worker-count
7
-background-job-worker-count
8
-gc-helper-count
1
-name
AssetImport
Successfully changed project path to: C:/Users/anadz/Desktop/Immersive environments 19.5.26
C:/Users/anadz/Desktop/Immersive environments 19.5.26
[UnityMemory] Configuration Parameters - Can be set up in boot.config
    "memorysetup-bucket-allocator-granularity=16"
    "memorysetup-bucket-allocator-bucket-count=8"
    "memorysetup-bucket-allocator-block-size=33554432"
    "memorysetup-bucket-allocator-block-count=8"
    "memorysetup-main-allocator-block-size=16777216"
    "memorysetup-thread-allocator-block-size=16777216"
    "memorysetup-gfx-main-allocator-block-size=16777216"
    "memorysetup-gfx-thread-allocator-block-size=16777216"
    "memorysetup-cache-allocator-block-size=4194304"
    "memorysetup-typetree-allocator-block-size=2097152"
    "memorysetup-profiler-bucket-allocator-granularity=16"
    "memorysetup-profiler-bucket-allocator-bucket-count=8"
    "memorysetup-profiler-bucket-allocator-block-size=33554432"
    "memorysetup-profiler-bucket-allocator-block-count=8"
    "memorysetup-profiler-allocator-block-size=16777216"
    "memorysetup-profiler-editor-allocator-block-size=1048576"
    "memorysetup-temp-allocator-size-main=16777216"
    "memorysetup-job-temp-allocator-block-size=2097152"
    "memorysetup-job-temp-allocator-block-size-background=1048576"
    "memorysetup-job-temp-allocator-reduction-small-platforms=262144"
    "memorysetup-allocator-temp-initial-block-size-main=262144"
    "memorysetup-allocator-temp-initial-block-size-worker=262144"
    "memorysetup-temp-allocator-size-background-worker=32768"
    "memorysetup-temp-allocator-size-job-worker=262144"
    "memorysetup-temp-allocator-size-preload-manager=33554432"
    "memorysetup-temp-allocator-size-nav-mesh-worker=65536"
    "memorysetup-temp-allocator-size-audio-worker=65536"
    "memorysetup-temp-allocator-size-cloud-worker=32768"
    "memorysetup-temp-allocator-size-gi-baking-worker=262144"
    "memorysetup-temp-allocator-size-gi-baking-worker=262144"
    "memorysetup-temp-allocator-size-gi-baking-worker=262144"
    "memorysetup-temp-allocator-size-gi-baking-worker=262144"
    "memorysetup-temp-allocator-size-gi-baking-worker=262144"
    "memorysetup-temp-allocator-size-gfx=262144"
Player connection [17748]  Target information:

Player connection [17748]  * "[IP] 192.168.5.80 [Port] 0 [Flags] 2 [Guid] 2711626582 [EditorId] 2711626582 [Version] 1048832 [Id] WindowsEditor(7,ysa-laptop) [Debug] 1 [PackageName] WindowsEditor [ProjectName] Editor" 

Player connection [17748] Host joined multi-casting on [225.0.0.222:54997]...
Player connection [17748] Host joined alternative multi-casting on [225.0.0.222:34997]...
JobSystem: Creating JobQueue using job-worker-count value 7
Input System module state changed to: Initialized.
[Physics::Module] Initialized fallback backend.
[Physics::Module] Id: 0xdecafbad
Library Redirect Path: Library/
[Physics::Module] Selected backend.
[Physics::Module] Name: PhysX
[Physics::Module] Id: 0xf2b8ea05
[Physics::Module] SDK Version: 4.1.2
[Physics::Module] Integration Version: 1.0.0
[Physics::Module] Threading Mode: Multi-Threaded
Refreshing native plugins compatible for Editor in 5.43 ms, found 3 plugins.
Preloading 0 native plugins for Editor in 0.00 ms.
Initialize engine version: 6000.0.73f1 (a166abc3bf0e)
[Subsystems] Discovering subsystems at path C:/Program Files/Unity/Hub/Editor/6000.0.73f1/Editor/Data/Resources/UnitySubsystems
[Subsystems] Discovering subsystems at path C:/Users/anadz/Desktop/Immersive environments 19.5.26/Assets
GfxDevice: creating device client; kGfxThreadingModeNonThreaded
Direct3D:
    Version:  Direct3D 11.0 [level 11.1]
    Renderer: Intel(R) Iris(R) Xe Graphics (ID=0xa7a0)
    Vendor:   Intel
    VRAM:     8062 MB
    Driver:   31.0.101.5187
Initialize mono
Mono path[0] = 'C:/Program Files/Unity/Hub/Editor/6000.0.73f1/Editor/Data/Managed'
Mono path[1] = 'C:/Program Files/Unity/Hub/Editor/6000.0.73f1/Editor/Data/MonoBleedingEdge/lib/mono/unityjit-win32'
Mono config path = 'C:/Program Files/Unity/Hub/Editor/6000.0.73f1/Editor/Data/MonoBleedingEdge/etc'
Using monoOptions --debugger-agent=transport=dt_socket,embedding=1,server=y,suspend=n,address=127.0.0.1:56336
Begin MonoManager ReloadAssembly
Registering precompiled unity dll's ...
Register platform support module: C:/Program Files/Unity/Hub/Editor/6000.0.73f1/Editor/Data/PlaybackEngines/WindowsStandaloneSupport/UnityEditor.WindowsStandalone.Extensions.dll
Registered in 0.015151 seconds.
[Licensing::Client] Handshaking with LicensingClient:
  Version:                 1.17.4+4293ba1
  Session Id:              4ad2142ca2814f1ab590fa194fe2ca25
  Correlation Id:          f5539d442e1611cba192a2093f2b63bb
  External correlation Id: 2399872759354596796
  Machine Id:              +dyC8Cp5Rf0QX0UAnoErhnm6suE=
[Licensing::Module] Successfully connected to LicensingClient on channel: "LicenseClient-anadz" (connect: 0.00s, validation: 0.01s, handshake: 5.89s)
[Licensing::IpcConnector] Successfully connected to: "LicenseClient-anadz-notifications" at "2026-05-27T10:20:00.8605919Z"
[Licensing::Module] Licensing Background thread has ended after 5.90s
- Loaded All Assemblies, in  7.665 seconds
Native extension for WindowsStandalone target not found
Package Manager log level set to [2]
[Package Manager] Failed to launch server process. Reason: Unity was launched with the -noUpm command-line argument
[Package Manager] Unable to send message (not connected to server process).
[Package Manager] Cannot connect to Unity Package Manager local server
Mono: successfully reloaded assembly
- Finished resetting the current domain, in  0.999 seconds
Domain Reload Profiling: 8655ms
	BeginReloadAssembly (1473ms)
		ExecutionOrderSort (0ms)
		DisableScriptedObjects (0ms)
		BackupInstance (0ms)
		ReleaseScriptingObjects (0ms)
		CreateAndSetChildDomain (2ms)
	RebuildCommonClasses (1295ms)
	RebuildNativeTypeToScriptingClass (45ms)
	initialDomainReloadingComplete (168ms)
	LoadAllAssembliesAndSetupDomain (4675ms)
		LoadAssemblies (1460ms)
		RebuildTransferFunctionScriptingTraits (0ms)
		AnalyzeDomain (4665ms)
			TypeCache.Refresh (4661ms)
				TypeCache.ScanAssembly (3114ms)
			BuildScriptInfoCaches (0ms)
			ResolveRequiredComponents (1ms)
	FinalizeReload (1000ms)
		ReleaseScriptCaches (0ms)
		RebuildScriptCaches (0ms)
		SetupLoadedEditorAssemblies (865ms)
			LogAssemblyErrors (0ms)
			InitializePlatformSupportModulesInManaged (70ms)
			SetLoadedEditorAssemblies (13ms)
			BeforeProcessingInitializeOnLoad (190ms)
			ProcessInitializeOnLoadAttributes (459ms)
			ProcessInitializeOnLoadMethodAttributes (133ms)
			AfterProcessingInitializeOnLoad (0ms)
			EditorAssembliesLoaded (0ms)
		ExecutionOrderSort2 (0ms)
		AwakeInstancesAfterBackupRestoration (0ms)
========================================================================
Worker process is ready to serve import requests
Import Worker Mode flag is 0x00
Begin MonoManager ReloadAssembly
[Licensing::Client] Successfully resolved entitlement details
[Licensing::Module] License group:
  Id: 16768133229647-UnityPersXXXX
  Product: Unity Personal
  Type: Assigned
  Expiration: Unlimited
Symbol file LoadedFromMemory is not a mono symbol file
- Loaded All Assemblies, in  8.436 seconds
Refreshing native plugins compatible for Editor in 8.33 ms, found 3 plugins.
Missing types referenced from component UniversalRenderPipelineGlobalSettings on game object UniversalRenderPipelineGlobalSettings:
	UnityEngine.Rendering.LightmapSamplingSettings, Unity.RenderPipelines.Core.Runtime (1 object)
	UnityEngine.Rendering.VrsRenderPipelineRuntimeResources, Unity.RenderPipelines.Core.Runtime (1 object)
Native extension for WindowsStandalone target not found
[Package Manager] Failed to launch server process. Reason: Unity was launched with the -noUpm command-line argument
[Package Manager] Unable to send message (not connected to server process).
[Package Manager] Cannot connect to Unity Package Manager local server
[Package Manager] Failed to launch server process. Reason: Unity was launched with the -noUpm command-line argument
[Package Manager] Unable to send message (not connected to server process).
[Package Manager] Cannot connect to Unity Package Manager local server
[Package Manager] Failed to launch server process. Reason: Unity was launched with the -noUpm command-line argument
[Package Manager] Unable to send message (not connected to server process).
[Package Manager] Cannot connect to Unity Package Manager local server
The project currently uses the compatibility mode where the Render Graph API is disabled. Support for this mode will be removed in future Unity versions. Migrate existing ScriptableRenderPasses to the new RenderGraph API. After the migration, disable the compatibility mode in Edit > Projects Settings > Graphics > Render Graph.
UnityEngine.Debug:ExtractStackTraceNoAlloc (byte*,int,string)
UnityEngine.StackTraceUtility:ExtractStackTrace ()
UnityEngine.DebugLogHandler:Internal_Log (UnityEngine.LogType,UnityEngine.LogOption,string,UnityEngine.Object)
UnityEngine.DebugLogHandler:LogFormat (UnityEngine.LogType,UnityEngine.Object,string,object[])
UnityEngine.Logger:Log (UnityEngine.LogType,object)
UnityEngine.Debug:LogWarning (object)
UnityEngine.Rendering.Universal.WarnUsingNonRenderGraph:EmitConsoleWarning () (at ./Library/PackageCache/com.unity.render-pipelines.universal@7b0cf3c8f06b/Runtime/Data/UniversalRenderPipelineAsset.cs:427)
System.Reflection.RuntimeMethodInfo:Invoke (object,System.Reflection.BindingFlags,System.Reflection.Binder,object[],System.Globalization.CultureInfo)
System.Reflection.MethodBase:Invoke (object,object[])
UnityEditor.EditorAssemblies:ProcessInitializeOnLoadMethodAttributes ()

(Filename: ./Library/PackageCache/com.unity.render-pipelines.universal@7b0cf3c8f06b/Runtime/Data/UniversalRenderPipelineAsset.cs Line: 427)

[MODES] ModeService[none].Initialize
[MODES] ModeService[none].LoadModes
[MODES] Loading mode Default (0) for mode-current-id-Evil Minecraft
Mono: successfully reloaded assembly
- Finished resetting the current domain, in  4.027 seconds
Domain Reload Profiling: 12450ms
	BeginReloadAssembly (493ms)
		ExecutionOrderSort (0ms)
		DisableScriptedObjects (14ms)
		BackupInstance (0ms)
		ReleaseScriptingObjects (0ms)
		CreateAndSetChildDomain (75ms)
	RebuildCommonClasses (97ms)
	RebuildNativeTypeToScriptingClass (32ms)
	initialDomainReloadingComplete (117ms)
	LoadAllAssembliesAndSetupDomain (7683ms)
		LoadAssemblies (5860ms)
		RebuildTransferFunctionScriptingTraits (0ms)
		AnalyzeDomain (2099ms)
			TypeCache.Refresh (1638ms)
				TypeCache.ScanAssembly (1567ms)
			BuildScriptInfoCaches (389ms)
			ResolveRequiredComponents (56ms)
	FinalizeReload (4029ms)
		ReleaseScriptCaches (0ms)
		RebuildScriptCaches (0ms)
		SetupLoadedEditorAssemblies (2864ms)
			LogAssemblyErrors (0ms)
			InitializePlatformSupportModulesInManaged (10ms)
			SetLoadedEditorAssemblies (14ms)
			BeforeProcessingInitializeOnLoad (556ms)
			ProcessInitializeOnLoadAttributes (1710ms)
			ProcessInitializeOnLoadMethodAttributes (533ms)
			AfterProcessingInitializeOnLoad (40ms)
			EditorAssembliesLoaded (1ms)
		ExecutionOrderSort2 (0ms)
		AwakeInstancesAfterBackupRestoration (35ms)
Launched and connected shader compiler UnityShaderCompiler.exe after 0.13 seconds
Refreshing native plugins compatible for Editor in 13.65 ms, found 3 plugins.
Preloading 0 native plugins for Editor in 0.00 ms.
Unloading 14 Unused Serialized files (Serialized files now loaded: 0)
Unloading 6891 unused Assets / (4.8 MB). Loaded Objects now: 7642.
Memory consumption went from 140.5 MB to 135.7 MB.
Total: 36.777900 ms (FindLiveObjects: 2.567800 ms CreateObjectMapping: 3.702000 ms MarkObjects: 20.308100 ms  DeleteObjects: 10.195600 ms)

========================================================================
Received Import Request.
  Time since last request: 18540.452729 seconds.
  path: Assets/Resources/Sfx/AssistantActivate.wav
  artifactKey: Guid(69065ebbef8924e00a01e2622515f48d) Importer(815301076,1909f56bfc062723c751e8b465ee728b)
Start importing Assets/Resources/Sfx/AssistantActivate.wav using Guid(69065ebbef8924e00a01e2622515f48d) Importer(815301076,1909f56bfc062723c751e8b465ee728b) (PreviewImporter) -> (artifact id: 'cee63e6e51088c4e56ce036ba05172fd') in 0.4332148 seconds
Number of updated asset objects reloaded before import = 0Number of asset objects unloaded after import = 2

========================================================================
Received Import Request.
  Time since last request: 0.000105 seconds.
  path: Assets/Resources/Sfx/TerminalOpen.wav
  artifactKey: Guid(ba95bf107797e426781d1501bdb4f04d) Importer(815301076,1909f56bfc062723c751e8b465ee728b)
Start importing Assets/Resources/Sfx/TerminalOpen.wav using Guid(ba95bf107797e426781d1501bdb4f04d) Importer(815301076,1909f56bfc062723c751e8b465ee728b) (PreviewImporter) -> (artifact id: 'dfa98c2b519177a5308f7bca9be113a7') in 0.0544487 seconds
Number of updated asset objects reloaded before import = 0Number of asset objects unloaded after import = 2

========================================================================
Received Import Request.
  Time since last request: 0.000091 seconds.
  path: Assets/Resources/PropGltfFallback.mat
  artifactKey: Guid(a8f3c2e91b4d64f0a9e27d1c58b0e4f2) Importer(815301076,1909f56bfc062723c751e8b465ee728b)
Start importing Assets/Resources/PropGltfFallback.mat using Guid(a8f3c2e91b4d64f0a9e27d1c58b0e4f2) Importer(815301076,1909f56bfc062723c751e8b465ee728b) (PreviewImporter)Assertion failed
UnityEngine.Debug:ExtractStackTraceNoAlloc (byte*,int,string)
UnityEngine.StackTraceUtility:ExtractStackTrace ()
UnityEngine.DebugLogHandler:Internal_Log (UnityEngine.LogType,UnityEngine.LogOption,string,UnityEngine.Object)
UnityEngine.DebugLogHandler:LogFormat (UnityEngine.LogType,UnityEngine.Object,string,object[])
UnityEngine.Logger:Log (UnityEngine.LogType,object)
UnityEngine.Debug:Assert (bool)
UnityEngine.Rendering.RTHandle:op_Implicit (UnityEngine.Rendering.RTHandle) (at ./Library/PackageCache/com.unity.render-pipelines.core@d7b87cecdab8/Runtime/Textures/RTHandle.cs:164)
UnityEngine.Rendering.Blitter:BlitTexture (UnityEngine.Rendering.CommandBuffer,UnityEngine.Rendering.RTHandle,UnityEngine.Vector4,UnityEngine.Material,int) (at ./Library/PackageCache/com.unity.render-pipelines.core@d7b87cecdab8/Runtime/Utilities/Blitter.cs:482)
UnityEngine.Rendering.Blitter:BlitCameraTexture (UnityEngine.Rendering.CommandBuffer,UnityEngine.Rendering.RTHandle,UnityEngine.Rendering.RTHandle,UnityEngine.Material,int) (at ./Library/PackageCache/com.unity.render-pipelines.core@d7b87cecdab8/Runtime/Utilities/Blitter.cs:632)
AlgorithmicGallery.Corruption.PSXPass:Execute (UnityEngine.Rendering.ScriptableRenderContext,UnityEngine.Rendering.Universal.RenderingData&) (at Assets/scripts/PSXPass.cs:63)
UnityEngine.Rendering.Universal.ScriptableRenderer:ExecuteRenderPass (UnityEngine.Rendering.ScriptableRenderContext,UnityEngine.Rendering.Universal.ScriptableRenderPass,UnityEngine.Rendering.Universal.UniversalCameraData,UnityEngine.Rendering.Universal.RenderingData&) (at ./Library/PackageCache/com.unity.render-pipelines.universal@7b0cf3c8f06b/Runtime/ScriptableRenderer.cs:1762)
UnityEngine.Rendering.Universal.ScriptableRenderer:ExecuteBlock (int,UnityEngine.Rendering.Universal.ScriptableRenderer/RenderBlocks&,UnityEngine.Rendering.ScriptableRenderContext,UnityEngine.Rendering.Universal.RenderingData&,bool) (at ./Library/PackageCache/com.unity.render-pipelines.universal@7b0cf3c8f06b/Runtime/ScriptableRenderer.cs:1715)
UnityEngine.Rendering.Universal.ScriptableRenderer:Execute (UnityEngine.Rendering.ScriptableRenderContext,UnityEngine.Rendering.Universal.RenderingData&) (at ./Library/PackageCache/com.unity.render-pipelines.universal@7b0cf3c8f06b/Runtime/ScriptableRenderer.cs:1464)
UnityEngine.Rendering.Universal.UniversalRenderPipeline:RenderSingleCamera (UnityEngine.Rendering.ScriptableRenderContext,UnityEngine.Rendering.Universal.UniversalCameraData) (at ./Library/PackageCache/com.unity.render-pipelines.universal@7b0cf3c8f06b/Runtime/UniversalRenderPipeline.cs:868)
UnityEngine.Rendering.Universal.UniversalRenderPipeline:RenderSingleCameraInternal (UnityEngine.Rendering.ScriptableRenderContext,UnityEngine.Camera,UnityEngine.Rendering.Universal.UniversalAdditionalCameraData&,bool) (at ./Library/PackageCache/com.unity.render-pipelines.universal@7b0cf3c8f06b/Runtime/UniversalRenderPipeline.cs:688)
UnityEngine.Rendering.Universal.UniversalRenderPipeline:RenderSingleCameraInternal (UnityEngine.Rendering.ScriptableRenderContext,UnityEngine.Camera,bool) (at ./Library/PackageCache/com.unity.render-pipelines.universal@7b0cf3c8f06b/Runtime/UniversalRenderPipeline.cs:663)
UnityEngine.Rendering.Universal.UniversalRenderPipeline:Render (UnityEngine.Rendering.ScriptableRenderContext,System.Collections.Generic.List`1<UnityEngine.Camera>) (at ./Library/PackageCache/com.unity.render-pipelines.universal@7b0cf3c8f06b/Runtime/UniversalRenderPipeline.cs:480)
UnityEngine.Rendering.RenderPipeline:InternalRender (UnityEngine.Rendering.ScriptableRenderContext,System.Collections.Generic.List`1<UnityEngine.Camera>)
UnityEngine.Rendering.RenderPipelineManager:DoRenderLoop_Internal (UnityEngine.Rendering.RenderPipelineAsset,intptr,UnityEngine.Object,Unity.Collections.LowLevel.Unsafe.AtomicSafetyHandle)
UnityEngine.Camera:Render ()
UnityEditor.PreviewRenderUtility:Render (bool,bool)
UnityEditor.MaterialEditor:DoRenderPreview (UnityEditor.PreviewRenderUtility,bool)
UnityEditor.MaterialEditor:RenderStaticPreview (string,UnityEngine.Object[],int,int)
UnityEditor.AssetPreviewUpdater:CreatePreview (UnityEngine.Object,UnityEngine.Object[],string,int,int)
UnityEditor.AssetPreviewUpdater:CreatePreviewForAsset (UnityEngine.Object,UnityEngine.Object[],string)

(Filename: ./Library/PackageCache/com.unity.render-pipelines.core@d7b87cecdab8/Runtime/Textures/RTHandle.cs Line: 164)

ArgumentNullException: Value cannot be null.
Parameter name: value
  at UnityEngine.Bindings.ThrowHelper.ThrowArgumentNullException (System.Object obj, System.String parameterName) [0x00018] in <e07a8438207b407f87d60eb34d7db512>:0 
  at UnityEngine.MaterialPropertyBlock.SetTextureImpl (System.Int32 name, UnityEngine.Texture value) [0x00003] in <e07a8438207b407f87d60eb34d7db512>:0 
  at UnityEngine.MaterialPropertyBlock.SetTexture (System.Int32 nameID, UnityEngine.Texture value) [0x00001] in <e07a8438207b407f87d60eb34d7db512>:0 
  at UnityEngine.Rendering.Blitter.BlitTexture (UnityEngine.Rendering.CommandBuffer cmd, UnityEngine.Rendering.RTHandle source, UnityEngine.Vector4 scaleBias, UnityEngine.Material material, System.Int32 pass) [0x00010] in .\Library\PackageCache\com.unity.render-pipelines.core@d7b87cecdab8\Runtime\Utilities\Blitter.cs:482 
  at UnityEngine.Rendering.Blitter.BlitCameraTexture (UnityEngine.Rendering.CommandBuffer cmd, UnityEngine.Rendering.RTHandle source, UnityEngine.Rendering.RTHandle destination, UnityEngine.Material material, System.Int32 pass) [0x00040] in .\Library\PackageCache\com.unity.render-pipelines.core@d7b87cecdab8\Runtime\Utilities\Blitter.cs:632 
  at AlgorithmicGallery.Corruption.PSXPass.Execute (UnityEngine.Rendering.ScriptableRenderContext context, UnityEngine.Rendering.Universal.RenderingData& renderingData) [0x000ae] in C:\Users\anadz\Desktop\Immersive environments 19.5.26\Assets\scripts\PSXPass.cs:63 
  at UnityEngine.Rendering.Universal.ScriptableRenderer.ExecuteRenderPass (UnityEngine.Rendering.ScriptableRenderContext context, UnityEngine.Rendering.Universal.ScriptableRenderPass renderPass, UnityEngine.Rendering.Universal.UniversalCameraData cameraData, UnityEngine.Rendering.Universal.RenderingData& renderingData) [0x000b8] in .\Library\PackageCache\com.unity.render-pipelines.universal@7b0cf3c8f06b\Runtime\ScriptableRenderer.cs:1762 
  at UnityEngine.Rendering.Universal.ScriptableRenderer.ExecuteBlock (System.Int32 blockIndex, UnityEngine.Rendering.Universal.ScriptableRenderer+RenderBlocks& renderBlocks, UnityEngine.Rendering.ScriptableRenderContext context, UnityEngine.Rendering.Universal.RenderingData& renderingData, System.Boolean submit) [0x0003f] in .\Library\PackageCache\com.unity.render-pipelines.universal@7b0cf3c8f06b\Runtime\ScriptableRenderer.cs:1715 
  at UnityEngine.Rendering.Universal.ScriptableRenderer.Execute (UnityEngine.Rendering.ScriptableRenderContext context, UnityEngine.Rendering.Universal.RenderingData& renderingData) [0x00287] in .\Library\PackageCache\com.unity.render-pipelines.universal@7b0cf3c8f06b\Runtime\ScriptableRenderer.cs:1464 
  at UnityEngine.Rendering.Universal.UniversalRenderPipeline.RenderSingleCamera (UnityEngine.Rendering.ScriptableRenderContext context, UnityEngine.Rendering.Universal.UniversalCameraData cameraData) [0x00357] in .\Library\PackageCache\com.unity.render-pipelines.universal@7b0cf3c8f06b\Runtime\UniversalRenderPipeline.cs:868 
  at UnityEngine.Rendering.Universal.UniversalRenderPipeline.RenderSingleCameraInternal (UnityEngine.Rendering.ScriptableRenderContext context, UnityEngine.Camera camera, UnityEngine.Rendering.Universal.UniversalAdditionalCameraData& additionalCameraData, System.Boolean isLastBaseCamera) [0x000cb] in .\Library\PackageCache\com.unity.render-pipelines.universal@7b0cf3c8f06b\Runtime\UniversalRenderPipeline.cs:688 
  at UnityEngine.Rendering.Universal.UniversalRenderPipeline.RenderSingleCameraInternal (UnityEngine.Rendering.ScriptableRenderContext context, UnityEngine.Camera camera, System.Boolean isLastBaseCamera) [0x00018] in .\Library\PackageCache\com.unity.render-pipelines.universal@7b0cf3c8f06b\Runtime\UniversalRenderPipeline.cs:663 
  at UnityEngine.Rendering.Universal.UniversalRenderPipeline.Render (UnityEngine.Rendering.ScriptableRenderContext renderContext, System.Collections.Generic.List`1[T] cameras) [0x000ce] in .\Library\PackageCache\com.unity.render-pipelines.universal@7b0cf3c8f06b\Runtime\UniversalRenderPipeline.cs:480 
  at UnityEngine.Rendering.RenderPipeline.InternalRender (UnityEngine.Rendering.ScriptableRenderContext context, System.Collections.Generic.List`1[T] cameras) [0x0001c] in <e07a8438207b407f87d60eb34d7db512>:0 
  at UnityEngine.Rendering.RenderPipelineManager.DoRenderLoop_Internal (UnityEngine.Rendering.RenderPipelineAsset pipelineAsset, System.IntPtr loopPtr, UnityEngine.Object renderRequest, Unity.Collections.LowLevel.Unsafe.AtomicSafetyHandle safety) [0x0003d] in <e07a8438207b407f87d60eb34d7db512>:0 
UnityEngine.Camera:Render_Injected(IntPtr)
UnityEngine.Camera:Render()
UnityEditor.PreviewRenderUtility:Render(Boolean, Boolean)
UnityEditor.MaterialEditor:DoRenderPreview(PreviewRenderUtility, Boolean)
UnityEditor.MaterialEditor:RenderStaticPreview(String, Object[], Int32, Int32)
UnityEditor.AssetPreviewUpdater:CreatePreview(Object, Object[], String, Int32, Int32)
UnityEditor.AssetPreviewUpdater:CreatePreviewForAsset(Object, Object[], String)

(Filename: ./Library/PackageCache/com.unity.render-pipelines.core@d7b87cecdab8/Runtime/Utilities/Blitter.cs Line: 482)

 -> (artifact id: '12c39eae99a01379dcb2786f9ecdc754') in 1.2841732 seconds
Internal: There are remaining Allocations on the JobTempAlloc. This is a leak, and will impact performance
To Debug, run app with -diag-job-temp-memory-leak-validation cmd line argument. This will output the callstacks of the leaked allocations.
Number of updated asset objects reloaded before import = 0Number of asset objects unloaded after import = 2

========================================================================
Received Import Request.
  Time since last request: 0.000089 seconds.
  path: Assets/Resources/Sfx/PlayerPlace.wav
  artifactKey: Guid(4ac9b61938c494a94a740577ddacc835) Importer(815301076,1909f56bfc062723c751e8b465ee728b)
Start importing Assets/Resources/Sfx/PlayerPlace.wav using Guid(4ac9b61938c494a94a740577ddacc835) Importer(815301076,1909f56bfc062723c751e8b465ee728b) (PreviewImporter) -> (artifact id: '1e2d3359c1aff63272642f2a103c08f2') in 0.0525682 seconds
Internal: There are remaining Allocations on the JobTempAlloc. This is a leak, and will impact performance
To Debug, run app with -diag-job-temp-memory-leak-validation cmd line argument. This will output the callstacks of the leaked allocations.
Number of updated asset objects reloaded before import = 0Number of asset objects unloaded after import = 2

Editor requested this worker to shutdown with reason: Scaling down because of idle timeout
AssetImportWorker is now disconnected from the server
Process exiting
Exiting without the bug reporter. Application will terminate with return code 0